******************************************************************************
              TMS320C55x Linker PC v4.4.1                      
******************************************************************************
>> Linked Fri Mar 30 12:09:55 2018

OUTPUT FILE NAME:   <EQ.out>
ENTRY POINT SYMBOL: "_c_int00"  address: 00029ab4


MEMORY CONFIGURATION

         name            origin    length      used     unused   attr    fill
                        (bytes)   (bytes)    (bytes)   (bytes)
----------------------  --------  ---------  --------  --------  ----  --------
PAGE 0:
  MMR                   00000000   000000c0  00000000  000000c0  RWIX
  DARAM0                000000c0   0000ff40  0000707c  00008ec4  RWIX
  SARAM0                00010000   00010000  00000000  00010000  RWIX
  SARAM1                00020000   00020000  00009be2  0001641e  RWIX
  SARAM2                00040000   0000fe00  000004b0  0000f950  RWIX
  VECS                  0004fe00   00000200  00000200  00000000  RWIX
  PDROM                 00ff8000   00008000  00000000  00008000  R IX

PAGE 2:
  IOPORT                00000000   00020000  00000000  00020000  RWI 


SECTION ALLOCATION MAP
(Addresses surrounded by []'s are displayed for convenience only!)

output                                                          attributes/
section   page  orgn(bytes) orgn(words) len(bytes) len(words)   input sections
--------  ----  ----------- ----------- ---------- ----------   --------------
.pinit       0   [ 00040000 ]  00020000          *   00000000   UNINITIALIZED

.stack       0   [ 000000c0 ]  00000060          *   00001000   UNINITIALIZED
                 [ 000000c0 ]  00000060          *   00001000   --HOLE--

.data        0   [ 000000c0 ]  00000060          *   00000000   UNINITIALIZED

.sysstack 
*            0   [ 000020c0 ]  00001060          *   00000800   UNINITIALIZED
                 [ 000020c0 ]  00001060          *   00000800   --HOLE--

.sysmem      0   [ 000030c0 ]  00001860          *   00001000   UNINITIALIZED
                 [ 000030c0 ]  00001860          *   00001000   --HOLE--

.bss         0   [ 000050c0 ]  00002860          *   00000c8a   UNINITIALIZED
                 [ 000050c0 ]  00002860          *   00000506   main.obj (.bss)
                 [ 00005acc ]  00002d66          *   00000002   aic3204.obj (.bss)
                 [ 00005ad0 ]  00002d68          *   00000408   ezdsp5535_aic3204_dma.obj (.bss)
                 [ 000062e0 ]  00003170          *   00000119   rts55x.lib : defs.obj (.bss)
                 [ 00006512 ]  00003289          *   000000d0              : trgdrv.obj (.bss)
                 [ 000066b2 ]  00003359          *   00000001              : errno.obj (.bss)
                 [ 000066b4 ]  0000335a          *   00000084   cslVC5505.lib : csl_intc.obj (.bss)
                 [ 000067bc ]  000033de          *   00000071   rts55x.lib : lowlev.obj (.bss)
                 [ 0000689e ]  0000344f          *   00000001              : fopen.obj (.bss)
                 [ 000068a0 ]  00003450          *   0000003a              : pow.obj (.bss)
                 [ 00006914 ]  0000348a          *   0000002a   cslVC5505.lib : csl_i2s.obj (.bss)
                 [ 00006968 ]  000034b4          *   00000012                 : csl_i2c.obj (.bss)
                 [ 0000698c ]  000034c6          *   00000008   ezdsp5535bsl.lib : ezdsp5535_sar.obj (.bss)
                 [ 0000699c ]  000034ce          *   00000008   rts55x.lib : cos.obj (.bss)
                 [ 000069ac ]  000034d6          *   00000006              : memory.obj (.bss)
                 [ 000069b8 ]  000034dc          *   00000004   ezdsp5535bsl.lib : ezdsp5535_gpio.obj (.bss)
                 [ 000069c0 ]  000034e0          *   00000004   rts55x.lib : _lock.obj (.bss)
                 [ 000069c8 ]  000034e4          *   00000004              : exit.obj (.bss)
                 [ 000069d0 ]  000034e8          *   00000002   ezdsp5535bsl.lib : ezdsp5535_i2s.obj (.bss)

.const       0   [ 000069d4 ]  000034ea          *   000003b4   
                 [ 000069d4 ]  000034ea          *   00000174   aic3204_init.obj (.const:.string)
                 [ 00006cbc ]  0000365e          *   00000101   rts55x.lib : ctype.obj (.const:__ctypes_)
                 [ 00006ebe ]  0000375f          *   0000006c   print_number.obj (.const:_consolas_8ptBitmaps)
                 [ 00006f96 ]  000037cb          *   00000001   print_number.obj (.const)
                 [ 00006f98 ]  000037cc          *   00000026   main.obj (.const:.string)
                 [ 00006fe4 ]  000037f2          *   00000024   rts55x.lib : _printfi.obj (.const:.string)
                 [ 0000702c ]  00003816          *   0000001c              : pow.obj (.const)
                 [ 00007064 ]  00003832          *   00000016              : cos.obj (.const)
                 [ 00007090 ]  00003848          *   0000000e   processing.obj (.const)
                 [ 000070ac ]  00003856          *   0000000c   rts55x.lib : _printfi.obj (.const)
                 [ 000070c4 ]  00003862          *   0000000a              : ldexp.obj (.const)
                 [ 000070d8 ]  0000386c          *   0000000a              : sqrt.obj (.const)
                 [ 000070ec ]  00003876          *   00000008              : divd.obj (.const:_initial_approx$1)
                 [ 000070fc ]  0000387e          *   00000008              : frexp.obj (.const)
                 [ 0000710c ]  00003886          *   00000008              : round.obj (.const)
                 [ 0000711c ]  0000388e          *   00000006              : modf.obj (.const)
                 [ 00007128 ]  00003894          *   00000004              : trunc.obj (.const)
                 [ 00007130 ]  00003898          *   00000002              : fputs.obj (.const:.string)
                 [ 00007134 ]  0000389a          *   00000002   main.obj (.const)
                 [ 00007138 ]  0000389c          *   00000002   rts55x.lib : fltlid.obj (.const)

.text        0     00020000  [ 00010000 ] 00009be2          *   
                   00020000  [ 00010000 ] 000015a4          *   rts55x.lib : _printfi.obj (.text)
                   000215a4  [ 00010ad2 ] 00000c3c          *   cslVC5505.lib : csl_i2c.obj (.text)
                   000221e0  [ 000110f0 ] 00000b18          *                 : csl_sar.obj (.text)
                   00022cf8  [ 0001167c ] 000009f3          *                 : csl_i2s.obj (.text)
                   000236eb  [ 00011b75+] 000008c5          *   processing.obj (.text)
                   00023fb0  [ 00011fd8 ] 0000068d          *   cslVC5505.lib : csl_gpio.obj (.text)
                   0002463d  [ 0001231e+] 000005b5          *   aic3204_init.obj (.text)
                   00024bf2  [ 000125f9 ] 000005a6          *   rts55x.lib : pow.obj (.text)
                   00025198  [ 000128cc ] 00000554          *   cslVC5505.lib : csl_intc.obj (.text)
                   000256ec  [ 00012b76 ] 00000543          *   rts55x.lib : lowlev.obj (.text)
                   00025c2f  [ 00012e17+] 00000528          *              : trgdrv.obj (.text)
                   00026157  [ 000130ab+] 000004c6          *   main.obj (.text)
                   0002661d  [ 0001330e+] 000004b5          *   rts55x.lib : memory.obj (.text)
                   00026ad2  [ 00013569 ] 000003cc          *              : divd.obj (.text)
                   00026e9e  [ 0001374f ] 0000031b          *   ezdsp5535_aic3204_dma.obj (.text)
                   000271b9  [ 000138dc+] 000002e1          *   print_number.obj (.text)
                   0002749a  [ 00013a4d ] 0000027f          *   rts55x.lib : fopen.obj (.text)
                   00027719  [ 00013b8c+] 0000025e          *              : llmpy.obj (.text)
                   00027977  [ 00013cbb+] 0000025a          *              : addd.obj (.text)
                   00027bd1  [ 00013de8+] 00000218          *              : cos.obj (.text)
                   00027de9  [ 00013ef4+] 000001ea          *              : cmpd.obj (.text)
                   00027fd3  [ 00013fe9+] 00000192          *   ezdsp5535bsl.lib : ezdsp5535_lcd.obj (.text)
                   00028165  [ 000140b2+] 0000017a          *                    : ezdsp5535_sar.obj (.text)
                   000282df  [ 0001416f+] 00000163          *   rts55x.lib : fputs.obj (.text)
                   00028442  [ 00014221 ] 0000014c          *              : mpyd.obj (.text)
                   0002858e  [ 000142c7 ] 00000120          *   iir.obj (.text)
                   000286ae  [ 00014357 ] 00000116          *   rts55x.lib : sqrt.obj (.text)
                   000287c4  [ 000143e2 ] 00000107          *   ezdsp5535bsl.lib : ezdsp5535_i2s.obj (.text)
                   000288cb  [ 00014465+] 000000f2          *   rts55x.lib : ldexp.obj (.text)
                   000289bd  [ 000144de+] 000000e6          *              : setvbuf.obj (.text)
                   00028aa3  [ 00014551+] 000000dd          *              : _io_perm.obj (.text)
                   00028b80  [ 000145c0 ] 000000cc          *   ezdsp5535_aic3204_dma.obj (.text:retain)
                   00028c4c  [ 00014626 ] 000000cc          *   rts55x.lib : frexp.obj (.text)
                   00028d18  [ 0001468c ] 000000c3          *   aic3204.obj (.text)
                   00028ddb  [ 000146ed+] 000000c2          *   rts55x.lib : fflush.obj (.text)
                   00028e9d  [ 0001474e+] 000000bf          *              : modf.obj (.text)
                   00028f5c  [ 000147ae ] 000000ba          *              : trgmsg.obj (.text:CIO_breakpoint)
                   00029016  [ 0001480b ] 000000a6          *              : fputc.obj (.text)
                   000290bc  [ 0001485e ] 000000a1          *              : divul.obj (.text)
                   0002915d  [ 000148ae+] 0000008e          *   ezdsp5535bsl.lib : ezdsp5535_i2c.obj (.text)
                   000291eb  [ 000148f5+] 0000008c          *   cslVC5505.lib : csl_irqplug.obj (.text)
                   00029277  [ 0001493b+] 00000087          *   ezdsp5535bsl.lib : ezdsp5535_gpio.obj (.text)
                   000292fe  [ 0001497f ] 0000007d          *   rts55x.lib : ltoa.obj (.text)
                   0002937b  [ 000149bd+] 0000007b          *              : fclose.obj (.text)
                   000293f6  [ 000149fb ] 00000076          *              : frcmpyd.obj (.text)
                   0002946c  [ 00014a36 ] 00000073          *              : frcmpyd_div.obj (.text)
                   000294df  [ 00014a6f+] 00000072          *              : remul.obj (.text)
                   00029551  [ 00014aa8+] 0000006f          *              : fixdli.obj (.text)
                   000295c0  [ 00014ae0 ] 0000006d          *   cslVC5505.lib : vectors.obj (.text)
                   0002962d  [ 00014b16+] 0000006d          *   rts55x.lib : trgmsg.obj (.text)
                   0002969a  [ 00014b4d ] 0000006b          *              : fseek.obj (.text)
                   00029705  [ 00014b82+] 00000067          *              : fltlid.obj (.text)
                   0002976c  [ 00014bb6 ] 0000005f          *              : round.obj (.text)
                   000297cb  [ 00014be5+] 0000005c          *              : atoi.obj (.text)
                   00029827  [ 00014c13+] 00000054          *   ezdsp5535bsl.lib : ezdsp5535.obj (.text)
                   0002987b  [ 00014c3d+] 00000050          *   rts55x.lib : printf.obj (.text)
                   000298cb  [ 00014c65+] 0000004d          *              : autoinit.obj (.text)
                   00029918  [ 00014c8c ] 0000004b          *              : args_main.obj (.text)
                   00029963  [ 00014cb1+] 0000004b          *              : remli.obj (.text)
                   000299ae  [ 00014cd7 ] 00000048          *              : divli.obj (.text)
                   000299f6  [ 00014cfb ] 00000041          *              : trunc.obj (.text)
                   00029a37  [ 00014d1b+] 0000003f          *              : memcpy.obj (.text)
                   00029a76  [ 00014d3b ] 0000003e          *              : exit.obj (.text)
                   00029ab4  [ 00014d5a ] 00000034          *              : boot.obj (.text)
                   00029ae8  [ 00014d74 ] 0000002a          *              : fixdi.obj (.text)
                   00029b12  [ 00014d89 ] 0000002a          *              : udiv.obj (.text)
                   00029b3c  [ 00014d9e ] 00000023          *              : memccpy.obj (.text)
                   00029b5f  [ 00014daf+] 0000001a          *              : isinf.obj (.text)
                   00029b79  [ 00014dbc+] 00000014          *              : subd.obj (.text)
                   00029b8d  [ 00014dc6+] 00000013          *              : lmpy.obj (.text)
                   00029ba0  [ 00014dd0 ] 00000012          *              : _lock.obj (.text)
                   00029bb2  [ 00014dd9 ] 00000010          *              : negd.obj (.text)
                   00029bc2  [ 00014de1 ] 0000000c          *              : fltid.obj (.text)
                   00029bce  [ 00014de7 ] 0000000a          *              : remove.obj (.text)
                   00029bd8  [ 00014dec ] 00000007          *              : exit.obj (.text:CIO_breakpoint)
                   00029bdf  [ 00014def+] 00000002          *              : vectors.obj (.text)
                   00029be1  [ 00014df0 ] 00000001          *   --HOLE-- [fill = 20]

.cio         0   [ 00040000 ]  00020000          *   00000120   UNINITIALIZED
                 [ 00040000 ]  00020000          *   00000120   rts55x.lib : trgmsg.obj (.cio)

.cinit       0   [ 00040240 ]  00020120          *   00000118   
                 [ 00040240 ]  00020120          *   00000046   rts55x.lib : pow.obj (.cinit)
                 [ 000402cc ]  00020166          *   0000003b   main.obj (.cinit)
                 [ 00040342 ]  000201a1          *   0000002d   rts55x.lib : lowlev.obj (.cinit)
                 [ 0004039c ]  000201ce          *   0000002a              : defs.obj (.cinit)
                 [ 000403f0 ]  000201f8          *   0000000c   ezdsp5535bsl.lib : ezdsp5535_sar.obj (.cinit)
                 [ 00040408 ]  00020204          *   0000000b   rts55x.lib : cos.obj (.cinit)
                 [ 0004041e ]  0002020f          *   0000000a              : _lock.obj (.cinit)
                 [ 00040432 ]  00020219          *   0000000a              : exit.obj (.cinit)
                 [ 00040446 ]  00020223          *   00000008   cslVC5505.lib : csl_i2s.obj (.cinit)
                 [ 00040456 ]  0002022b          *   00000004   rts55x.lib : errno.obj (.cinit)
                 [ 0004045e ]  0002022f          *   00000004              : fopen.obj (.cinit)
                 [ 00040466 ]  00020233          *   00000004              : memory.obj (.cinit)
                 [ 0004046e ]  00020237          *   00000001   --HOLE-- [fill = 0]

.switch      0   [ 00040470 ]  00020238          *   00000020   
                 [ 00040470 ]  00020238          *   00000020   print_number.obj (.switch:_printChar)

vectors      0     0004fe00  [ 00027f00 ] 00000200          *   
                   0004fe00  [ 00027f00 ] 00000100          *   cslVC5505.lib : vectors.obj (vectors)
                   0004ff00  [ 00027f80 ] 00000100          *   rts55x.lib : vectors.obj (vectors)


GLOBAL SYMBOLS: SORTED ALPHABETICALLY BY Name 

abs. value/
byte addr   word addr   name
---------   ---------   ----
00000002                $TI_capability$C5500$CallingConvention
00000002                $TI_capability$C5500$MemoryModel
00000001                $TI_capability_requires_rev3
ffffffff                .bss
ffffffff                .data
ffffffff                .text
00029bd9                C$$EXIT
00029011                C$$IO$$
00029b8d                I$$LMPY
00029b12                I$$UDIV
00029b27                I$$UMOD
0004fe00                RST
00028d18                _AIC3204_rget
00028d63                _AIC3204_rset
            00002d70    _DMA_InputL
            00002e70    _DMA_InputR
            00002f70    _DMA_OutputL
            00003070    _DMA_OutputR
000292e0                _EZDSP5535_GPIO_getInput
00029277                _EZDSP5535_GPIO_init
000292a2                _EZDSP5535_GPIO_setDirection
000292c6                _EZDSP5535_GPIO_setOutput
0002915d                _EZDSP5535_I2C_init
000291c3                _EZDSP5535_I2C_read
00029192                _EZDSP5535_I2C_reset
0002919d                _EZDSP5535_I2C_write
000288b9                _EZDSP5535_I2S_close
000287c4                _EZDSP5535_I2S_init
0002881d                _EZDSP5535_I2S_readLeft
0002887c                _EZDSP5535_I2S_readRight
0002884f                _EZDSP5535_I2S_writeLeft
0002889d                _EZDSP5535_I2S_writeRight
00028046                _EZDSP5535_OSD9616_init
00027ffb                _EZDSP5535_OSD9616_multiSend
00028128                _EZDSP5535_OSD9616_printLetter
00027fd3                _EZDSP5535_OSD9616_send
0002822b                _EZDSP5535_SAR_getKey
00028165                _EZDSP5535_SAR_init
0002986d                _EZDSP5535_init
00029827                _EZDSP5535_wait
0002985b                _EZDSP5535_waitusec
0002449b                _GPIO_clearInt
00023ff4                _GPIO_close
00024018                _GPIO_config
0002424b                _GPIO_configBit
00024393                _GPIO_disableInt
00024411                _GPIO_enableInt
0002409d                _GPIO_getConfig
00023fb0                _GPIO_open
00024125                _GPIO_read
000245ae                _GPIO_reset
00024527                _GPIO_statusBit
000241a8                _GPIO_write
            000034dc    _GpioObj
000260f9                _HOSTclock
0002608e                _HOSTclose
00025fd9                _HOSTlseek
00025f3a                _HOSTopen
00025ead                _HOSTread
00025dff                _HOSTrename
00025da1                _HOSTtime
00025d37                _HOSTunlink
00025caa                _HOSTwrite
0002164d                _I2C_config
00022018                _I2C_eventDisable
00021ee4                _I2C_eventEnable
000217b2                _I2C_getConfig
000221c4                _I2C_getEventId
000215a4                _I2C_init
00021cc6                _I2C_read
00022137                _I2C_setCallback
00021888                _I2C_setup
00021a82                _I2C_write
0002312d                _I2S_close
00022cf8                _I2S_open
000231df                _I2S_read
000235ef                _I2S_reset
00022e3f                _I2S_setup
000236a0                _I2S_transEnable
00023499                _I2S_write
00025232                _IRQ_clear
0002529c                _IRQ_clearAll
000252ac                _IRQ_config
000253d2                _IRQ_disable
00025450                _IRQ_disableAll
0002545e                _IRQ_enable
00025558                _IRQ_getArg
0002533f                _IRQ_getConfig
000256a6                _IRQ_globalDisable
000256bf                _IRQ_globalEnable
000256d8                _IRQ_globalRestore
00025198                _IRQ_init
000255d1                _IRQ_map
000291eb                _IRQ_plug
000254e8                _IRQ_restore
0002559e                _IRQ_setArg
00025603                _IRQ_setVecs
00025634                _IRQ_test
0004ff00                _Reset
00022763                _SAR_A2DMeasParamSet
00022bdd                _SAR_GPODirSet
000222da                _SAR_chanClose
0002235e                _SAR_chanConfig
0002265a                _SAR_chanCycSet
0002225d                _SAR_chanInit
00022278                _SAR_chanOpen
00022446                _SAR_chanSetup
0002223d                _SAR_deInit
000223d4                _SAR_getConfig
00022cb9                _SAR_getStatus
000221e0                _SAR_init
00022722                _SAR_readData
000226a9                _SAR_startConversion
000226db                _SAR_stopConversion
            000034ca    _SarHandle
            000034c6    _SarObj
0004fe00                _VECSTART
            00020000    __CIOBUF_
00024b99                __I2S_init
            00001060    __STACK_END
00002000                __STACK_SIZE
00002000                __SYSMEM_SIZE
00001000                __SYSSTACK_SIZE
00000001                __TI_args_main
ffffffff                ___binit__
ffffffff                ___bss__
ffffffff                ___c_args__
            00020120    ___cinit__
ffffffff                ___data__
ffffffff                ___edata__
ffffffff                ___end__
ffffffff                ___etext__
00029b5f                ___isinf
ffffffff                ___pinit__
ffffffff                ___text__
00027977                __addd
00029918                __args_main
000275bb                __cleanup
            000034e4    __cleanup_ptr
00027f7b                __cmpd
            0000365e    __ctypes_
00026ad2                __divd
000299ae                __divli
00027942                __divlli
00029b12                __divu
000290bc                __divul
0002784e                __divull
00028ddb                __doflush
            000034e6    __dtors_ptr
00027f47                __eqld
00029ae8                __fixdi
00029551                __fixdli
00029bc2                __fltid
00029705                __fltlid
000293f6                __frcmpyd
0002946c                __frcmpyd_div
            00003288    __ft_end
            00003170    __ftable
00027efd                __geqd
00027eb2                __gtrd
00027e65                __leqd
            000034e0    __lock
00027e1d                __lssd
00028442                __mpyd
00029b8d                __mpyli
00027796                __mpylli
00029bb2                __negd
00027de9                __neqd
00029bb0                __nop
0002976c                __nround
00021362                __printfi
00028b23                __rd_ok
00029ba8                __register_lock
00029ba0                __register_unlock
00029963                __remli
00027767                __remlli
00029b27                __remu
000294df                __remul
00027719                __remull
            00000060    __stack
00029b79                __subd
            00001860    __sys_memory
            00001060    __sysstack
            000031e8    __tmpnams
000299f6                __trunc
            000034e2    __unlock
00028aa3                __wrt_ok
00029bd8                _abort
00025b3f                _add_device
00028db0                _aic3204_codec_read
00028dc7                _aic3204_codec_write
00028d9f                _aic3204_disable
00026e9e                _aic3204_dma_init
00028d8d                _aic3204_hardware_init
0002463d                _aic3204_init
00027029                _aic3204_read_block
000270de                _aic3204_write_block
            00002960    _alpha
000297cb                _atoi
000298cb                _auto_init
            00002966    _beta
00029ab4                _c_int00
00023af1                _calculateParameters
00023790                _calculatePeekCoeff
000236eb                _calculateShelvingCoeff
00026aac                _calloc
00026aa4                _chkheap
00027257                _clearLCD
00025acc                _close
            0000375f    _consolas_8ptBitmaps
00027bd1                _cos
            00002d66    _counter1
            00002d67    _counter2
            00002a94    _delta
            00003359    _errno
00029a76                _exit
0002937b                _fclose
00028e44                _fflush
00025ac3                _find_registered_device
0002858e                _first_order_IIR
000276de                _fopen
00029016                _fputc
000282df                _fputs
0002661d                _free
00026a4e                _free_memory
00027615                _freopen
00028c4c                _frexp
            000034b2    _fsError
0002969a                _fseek
            000034b4    _gI2cObj
00025c2f                _getenv
            000034de    _hGpio
            000034e8    _hI2s
            000034c4    _i2cHandle
000271b9                _initPrintNumber
            00002b39    _k_index
            00002b2e    _k_value
            00002968    _ka
            000034cc    _keyCnt1
            000034cd    _keyCnt2
000288cb                _ldexp
00025a5d                _lseek
000292fe                _ltoa
00026157                _main
0002674e                _malloc
000269f4                _max_free
00029b3c                _memccpy
00029a37                _memcpy
000266e9                _minit
00028e9d                _modf
            00002b16    _omega
0002599e                _open
            000034b3    _ouError
            0000296a    _output1
            000029ea    _output2
            00002b66    _outputBand1
            00002be6    _outputBand2
            00002c66    _outputBand3
            00002ce6    _outputBand4
            00002b22    _parameters
            00002b5a    _peekCoeff1
            00002b60    _peekCoeff2
            00002a8e    _peekCoeffTest
            00002b3d    _podopseg
00024bf2                _pow
            000034c9    _preKey
            00002b14    _pressedNow
            00002b15    _pressedPrevious
00027325                _printChar
00023f31                _printOnLCD
0002987b                _printf
00029016                _putc
000290ad                _putchar
00028414                _puts
000258f0                _read
0002962d                _readmsg
00026843                _realloc
00029bce                _remove
000258ba                _remove_device
00025861                _rename
            00002860    _sampleBufferL
            000028e0    _sampleBufferR
000285f5                _second_order_IIR
00027303                _setWritePointerToFirstChar
0002482e                _set_sampling_frequency_and_gain
000289bd                _setvbuf
            00002b56    _shelvingCoeffHP
            00002a8a    _shelvingCoeffHPTest
            00002b52    _shelvingCoeffLP
            00002a86    _shelvingCoeffLPTest
00023860                _shelvingHP
0002393b                _shelvingLP
00023a16                _shelvingPeek
            000037cb    _sign_width
000286ae                _sqrt
0002582e                _unlink
000256ec                _write
00028f5c                _writemsg
            00002b42    _xHistoryHP
            00002a6e    _xHistoryHPTest
            00002a7c    _xHistoryHPTest1
            00002b3e    _xHistoryLP
            00002a6a    _xHistoryLPTest
            00002a78    _xHistoryLPTest1
            00002b46    _xHistoryP1
            00002b4c    _xHistoryP2
            00002a72    _xHistoryPTest
            00002a80    _xHistoryPTest1
            00002b44    _yHistoryHP
            00002a70    _yHistoryHPTest
            00002a7e    _yHistoryHPTest1
            00002b40    _yHistoryLP
            00002a6c    _yHistoryLPTest
            00002a7a    _yHistoryLPTest1
            00002b49    _yHistoryP1
            00002b4f    _yHistoryP2
            00002a75    _yHistoryPTest
            00002a83    _yHistoryPTest1
ffffffff                binit
            00020120    cinit
ffffffff                edata
ffffffff                end
ffffffff                etext
ffffffff                pinit


GLOBAL SYMBOLS: SORTED BY Symbol Address 

abs. value/
byte addr   word addr   name
---------   ---------   ----
00000001                $TI_capability_requires_rev3
00000001                __TI_args_main
00000002                $TI_capability$C5500$CallingConvention
00000002                $TI_capability$C5500$MemoryModel
            00000060    __stack
00001000                __SYSSTACK_SIZE
00002000                __STACK_SIZE
00002000                __SYSMEM_SIZE
            00001060    __STACK_END
            00001060    __sysstack
            00001860    __sys_memory
            00002860    _sampleBufferL
            000028e0    _sampleBufferR
            00002960    _alpha
            00002966    _beta
            00002968    _ka
            0000296a    _output1
            000029ea    _output2
            00002a6a    _xHistoryLPTest
            00002a6c    _yHistoryLPTest
            00002a6e    _xHistoryHPTest
            00002a70    _yHistoryHPTest
            00002a72    _xHistoryPTest
            00002a75    _yHistoryPTest
            00002a78    _xHistoryLPTest1
            00002a7a    _yHistoryLPTest1
            00002a7c    _xHistoryHPTest1
            00002a7e    _yHistoryHPTest1
            00002a80    _xHistoryPTest1
            00002a83    _yHistoryPTest1
            00002a86    _shelvingCoeffLPTest
            00002a8a    _shelvingCoeffHPTest
            00002a8e    _peekCoeffTest
            00002a94    _delta
            00002b14    _pressedNow
            00002b15    _pressedPrevious
            00002b16    _omega
            00002b22    _parameters
            00002b2e    _k_value
            00002b39    _k_index
            00002b3d    _podopseg
            00002b3e    _xHistoryLP
            00002b40    _yHistoryLP
            00002b42    _xHistoryHP
            00002b44    _yHistoryHP
            00002b46    _xHistoryP1
            00002b49    _yHistoryP1
            00002b4c    _xHistoryP2
            00002b4f    _yHistoryP2
            00002b52    _shelvingCoeffLP
            00002b56    _shelvingCoeffHP
            00002b5a    _peekCoeff1
            00002b60    _peekCoeff2
            00002b66    _outputBand1
            00002be6    _outputBand2
            00002c66    _outputBand3
            00002ce6    _outputBand4
            00002d66    _counter1
            00002d67    _counter2
            00002d70    _DMA_InputL
            00002e70    _DMA_InputR
            00002f70    _DMA_OutputL
            00003070    _DMA_OutputR
            00003170    __ftable
            000031e8    __tmpnams
            00003288    __ft_end
            00003359    _errno
            000034b2    _fsError
            000034b3    _ouError
            000034b4    _gI2cObj
            000034c4    _i2cHandle
            000034c6    _SarObj
            000034c9    _preKey
            000034ca    _SarHandle
            000034cc    _keyCnt1
            000034cd    _keyCnt2
            000034dc    _GpioObj
            000034de    _hGpio
            000034e0    __lock
            000034e2    __unlock
            000034e4    __cleanup_ptr
            000034e6    __dtors_ptr
            000034e8    _hI2s
            0000365e    __ctypes_
            0000375f    _consolas_8ptBitmaps
            000037cb    _sign_width
00021362                __printfi
000215a4                _I2C_init
0002164d                _I2C_config
000217b2                _I2C_getConfig
00021888                _I2C_setup
00021a82                _I2C_write
00021cc6                _I2C_read
00021ee4                _I2C_eventEnable
00022018                _I2C_eventDisable
00022137                _I2C_setCallback
000221c4                _I2C_getEventId
000221e0                _SAR_init
0002223d                _SAR_deInit
0002225d                _SAR_chanInit
00022278                _SAR_chanOpen
000222da                _SAR_chanClose
0002235e                _SAR_chanConfig
000223d4                _SAR_getConfig
00022446                _SAR_chanSetup
0002265a                _SAR_chanCycSet
000226a9                _SAR_startConversion
000226db                _SAR_stopConversion
00022722                _SAR_readData
00022763                _SAR_A2DMeasParamSet
00022bdd                _SAR_GPODirSet
00022cb9                _SAR_getStatus
00022cf8                _I2S_open
00022e3f                _I2S_setup
0002312d                _I2S_close
000231df                _I2S_read
00023499                _I2S_write
000235ef                _I2S_reset
000236a0                _I2S_transEnable
000236eb                _calculateShelvingCoeff
00023790                _calculatePeekCoeff
00023860                _shelvingHP
0002393b                _shelvingLP
00023a16                _shelvingPeek
00023af1                _calculateParameters
00023f31                _printOnLCD
00023fb0                _GPIO_open
00023ff4                _GPIO_close
00024018                _GPIO_config
0002409d                _GPIO_getConfig
00024125                _GPIO_read
000241a8                _GPIO_write
0002424b                _GPIO_configBit
00024393                _GPIO_disableInt
00024411                _GPIO_enableInt
0002449b                _GPIO_clearInt
00024527                _GPIO_statusBit
000245ae                _GPIO_reset
0002463d                _aic3204_init
0002482e                _set_sampling_frequency_and_gain
00024b99                __I2S_init
00024bf2                _pow
00025198                _IRQ_init
00025232                _IRQ_clear
0002529c                _IRQ_clearAll
000252ac                _IRQ_config
0002533f                _IRQ_getConfig
000253d2                _IRQ_disable
00025450                _IRQ_disableAll
0002545e                _IRQ_enable
000254e8                _IRQ_restore
00025558                _IRQ_getArg
0002559e                _IRQ_setArg
000255d1                _IRQ_map
00025603                _IRQ_setVecs
00025634                _IRQ_test
000256a6                _IRQ_globalDisable
000256bf                _IRQ_globalEnable
000256d8                _IRQ_globalRestore
000256ec                _write
0002582e                _unlink
00025861                _rename
000258ba                _remove_device
000258f0                _read
0002599e                _open
00025a5d                _lseek
00025ac3                _find_registered_device
00025acc                _close
00025b3f                _add_device
00025c2f                _getenv
00025caa                _HOSTwrite
00025d37                _HOSTunlink
00025da1                _HOSTtime
00025dff                _HOSTrename
00025ead                _HOSTread
00025f3a                _HOSTopen
00025fd9                _HOSTlseek
0002608e                _HOSTclose
000260f9                _HOSTclock
00026157                _main
0002661d                _free
000266e9                _minit
0002674e                _malloc
00026843                _realloc
000269f4                _max_free
00026a4e                _free_memory
00026aa4                _chkheap
00026aac                _calloc
00026ad2                __divd
00026e9e                _aic3204_dma_init
00027029                _aic3204_read_block
000270de                _aic3204_write_block
000271b9                _initPrintNumber
00027257                _clearLCD
00027303                _setWritePointerToFirstChar
00027325                _printChar
000275bb                __cleanup
00027615                _freopen
000276de                _fopen
00027719                __remull
00027767                __remlli
00027796                __mpylli
0002784e                __divull
00027942                __divlli
00027977                __addd
00027bd1                _cos
00027de9                __neqd
00027e1d                __lssd
00027e65                __leqd
00027eb2                __gtrd
00027efd                __geqd
00027f47                __eqld
00027f7b                __cmpd
00027fd3                _EZDSP5535_OSD9616_send
00027ffb                _EZDSP5535_OSD9616_multiSend
00028046                _EZDSP5535_OSD9616_init
00028128                _EZDSP5535_OSD9616_printLetter
00028165                _EZDSP5535_SAR_init
0002822b                _EZDSP5535_SAR_getKey
000282df                _fputs
00028414                _puts
00028442                __mpyd
0002858e                _first_order_IIR
000285f5                _second_order_IIR
000286ae                _sqrt
000287c4                _EZDSP5535_I2S_init
0002881d                _EZDSP5535_I2S_readLeft
0002884f                _EZDSP5535_I2S_writeLeft
0002887c                _EZDSP5535_I2S_readRight
0002889d                _EZDSP5535_I2S_writeRight
000288b9                _EZDSP5535_I2S_close
000288cb                _ldexp
000289bd                _setvbuf
00028aa3                __wrt_ok
00028b23                __rd_ok
00028c4c                _frexp
00028d18                _AIC3204_rget
00028d63                _AIC3204_rset
00028d8d                _aic3204_hardware_init
00028d9f                _aic3204_disable
00028db0                _aic3204_codec_read
00028dc7                _aic3204_codec_write
00028ddb                __doflush
00028e44                _fflush
00028e9d                _modf
00028f5c                _writemsg
00029011                C$$IO$$
00029016                _fputc
00029016                _putc
000290ad                _putchar
000290bc                __divul
0002915d                _EZDSP5535_I2C_init
00029192                _EZDSP5535_I2C_reset
0002919d                _EZDSP5535_I2C_write
000291c3                _EZDSP5535_I2C_read
000291eb                _IRQ_plug
00029277                _EZDSP5535_GPIO_init
000292a2                _EZDSP5535_GPIO_setDirection
000292c6                _EZDSP5535_GPIO_setOutput
000292e0                _EZDSP5535_GPIO_getInput
000292fe                _ltoa
0002937b                _fclose
000293f6                __frcmpyd
0002946c                __frcmpyd_div
000294df                __remul
00029551                __fixdli
0002962d                _readmsg
0002969a                _fseek
00029705                __fltlid
0002976c                __nround
000297cb                _atoi
00029827                _EZDSP5535_wait
0002985b                _EZDSP5535_waitusec
0002986d                _EZDSP5535_init
0002987b                _printf
000298cb                _auto_init
00029918                __args_main
00029963                __remli
000299ae                __divli
000299f6                __trunc
00029a37                _memcpy
00029a76                _exit
00029ab4                _c_int00
00029ae8                __fixdi
00029b12                I$$UDIV
00029b12                __divu
00029b27                I$$UMOD
00029b27                __remu
00029b3c                _memccpy
00029b5f                ___isinf
00029b79                __subd
00029b8d                I$$LMPY
00029b8d                __mpyli
00029ba0                __register_unlock
00029ba8                __register_lock
00029bb0                __nop
00029bb2                __negd
00029bc2                __fltid
00029bce                _remove
00029bd8                _abort
00029bd9                C$$EXIT
            00020000    __CIOBUF_
            00020120    ___cinit__
            00020120    cinit
0004fe00                RST
0004fe00                _VECSTART
0004ff00                _Reset
ffffffff                .bss
ffffffff                .data
ffffffff                .text
ffffffff                ___binit__
ffffffff                ___bss__
ffffffff                ___c_args__
ffffffff                ___data__
ffffffff                ___edata__
ffffffff                ___end__
ffffffff                ___etext__
ffffffff                ___pinit__
ffffffff                ___text__
ffffffff                binit
ffffffff                edata
ffffffff                end
ffffffff                etext
ffffffff                pinit

[324 symbols]
