<?xml version="1.0"?>
<link_info>
   <banner>TMS320C55x Linker PC v4.4.1</banner>
   <copyright>Copyright (c) 1996-2012 Texas Instruments Incorporated</copyright>
   <link_time>0x5abe0cf3</link_time>
   <output_file>EQ.out</output_file>
   <entry_point>
      <name>_c_int00</name>
      <address>0x29ab4</address>
   </entry_point>
   <input_file_list>
      <input_file id="fl-2">
         <path>.\</path>
         <kind>object</kind>
         <file>aic3204.obj</file>
         <name>aic3204.obj</name>
      </input_file>
      <input_file id="fl-3">
         <path>.\</path>
         <kind>object</kind>
         <file>aic3204_init.obj</file>
         <name>aic3204_init.obj</name>
      </input_file>
      <input_file id="fl-4">
         <path>.\</path>
         <kind>object</kind>
         <file>ezdsp5535_aic3204_dma.obj</file>
         <name>ezdsp5535_aic3204_dma.obj</name>
      </input_file>
      <input_file id="fl-5">
         <path>.\</path>
         <kind>object</kind>
         <file>iir.obj</file>
         <name>iir.obj</name>
      </input_file>
      <input_file id="fl-6">
         <path>.\</path>
         <kind>object</kind>
         <file>main.obj</file>
         <name>main.obj</name>
      </input_file>
      <input_file id="fl-7">
         <path>.\</path>
         <kind>object</kind>
         <file>print_number.obj</file>
         <name>print_number.obj</name>
      </input_file>
      <input_file id="fl-8">
         <path>.\</path>
         <kind>object</kind>
         <file>processing.obj</file>
         <name>processing.obj</name>
      </input_file>
      <input_file id="fl-11">
         <path>..\lib\</path>
         <kind>archive</kind>
         <file>ezdsp5535bsl.lib</file>
         <name>ezdsp5535_sar.obj</name>
      </input_file>
      <input_file id="fl-12">
         <path>..\lib\</path>
         <kind>archive</kind>
         <file>ezdsp5535bsl.lib</file>
         <name>ezdsp5535_lcd.obj</name>
      </input_file>
      <input_file id="fl-13">
         <path>..\lib\</path>
         <kind>archive</kind>
         <file>ezdsp5535bsl.lib</file>
         <name>ezdsp5535_i2s.obj</name>
      </input_file>
      <input_file id="fl-14">
         <path>..\lib\</path>
         <kind>archive</kind>
         <file>ezdsp5535bsl.lib</file>
         <name>ezdsp5535_i2c.obj</name>
      </input_file>
      <input_file id="fl-15">
         <path>..\lib\</path>
         <kind>archive</kind>
         <file>ezdsp5535bsl.lib</file>
         <name>ezdsp5535_gpio.obj</name>
      </input_file>
      <input_file id="fl-16">
         <path>..\lib\</path>
         <kind>archive</kind>
         <file>ezdsp5535bsl.lib</file>
         <name>ezdsp5535.obj</name>
      </input_file>
      <input_file id="fl-17">
         <path>..\c55xx_csl\lib\</path>
         <kind>archive</kind>
         <file>cslVC5505.lib</file>
         <name>vectors.obj</name>
      </input_file>
      <input_file id="fl-18">
         <path>..\c55xx_csl\lib\</path>
         <kind>archive</kind>
         <file>cslVC5505.lib</file>
         <name>csl_sar.obj</name>
      </input_file>
      <input_file id="fl-19">
         <path>..\c55xx_csl\lib\</path>
         <kind>archive</kind>
         <file>cslVC5505.lib</file>
         <name>csl_irqplug.obj</name>
      </input_file>
      <input_file id="fl-1a">
         <path>..\c55xx_csl\lib\</path>
         <kind>archive</kind>
         <file>cslVC5505.lib</file>
         <name>csl_intc.obj</name>
      </input_file>
      <input_file id="fl-1b">
         <path>..\c55xx_csl\lib\</path>
         <kind>archive</kind>
         <file>cslVC5505.lib</file>
         <name>csl_i2s.obj</name>
      </input_file>
      <input_file id="fl-1c">
         <path>..\c55xx_csl\lib\</path>
         <kind>archive</kind>
         <file>cslVC5505.lib</file>
         <name>csl_i2c.obj</name>
      </input_file>
      <input_file id="fl-1d">
         <path>..\c55xx_csl\lib\</path>
         <kind>archive</kind>
         <file>cslVC5505.lib</file>
         <name>csl_gpio.obj</name>
      </input_file>
      <input_file id="fl-1e">
         <path>C:\ti\ccsv6\tools\compiler\c5500_4.4.1\lib\</path>
         <kind>archive</kind>
         <file>rts55x.lib</file>
         <name>addd.obj</name>
      </input_file>
      <input_file id="fl-1f">
         <path>C:\ti\ccsv6\tools\compiler\c5500_4.4.1\lib\</path>
         <kind>archive</kind>
         <file>rts55x.lib</file>
         <name>boot.obj</name>
      </input_file>
      <input_file id="fl-20">
         <path>C:\ti\ccsv6\tools\compiler\c5500_4.4.1\lib\</path>
         <kind>archive</kind>
         <file>rts55x.lib</file>
         <name>cmpd.obj</name>
      </input_file>
      <input_file id="fl-21">
         <path>C:\ti\ccsv6\tools\compiler\c5500_4.4.1\lib\</path>
         <kind>archive</kind>
         <file>rts55x.lib</file>
         <name>cos.obj</name>
      </input_file>
      <input_file id="fl-22">
         <path>C:\ti\ccsv6\tools\compiler\c5500_4.4.1\lib\</path>
         <kind>archive</kind>
         <file>rts55x.lib</file>
         <name>divd.obj</name>
      </input_file>
      <input_file id="fl-23">
         <path>C:\ti\ccsv6\tools\compiler\c5500_4.4.1\lib\</path>
         <kind>archive</kind>
         <file>rts55x.lib</file>
         <name>divul.obj</name>
      </input_file>
      <input_file id="fl-24">
         <path>C:\ti\ccsv6\tools\compiler\c5500_4.4.1\lib\</path>
         <kind>archive</kind>
         <file>rts55x.lib</file>
         <name>exit.obj</name>
      </input_file>
      <input_file id="fl-25">
         <path>C:\ti\ccsv6\tools\compiler\c5500_4.4.1\lib\</path>
         <kind>archive</kind>
         <file>rts55x.lib</file>
         <name>fixdi.obj</name>
      </input_file>
      <input_file id="fl-26">
         <path>C:\ti\ccsv6\tools\compiler\c5500_4.4.1\lib\</path>
         <kind>archive</kind>
         <file>rts55x.lib</file>
         <name>fixdli.obj</name>
      </input_file>
      <input_file id="fl-27">
         <path>C:\ti\ccsv6\tools\compiler\c5500_4.4.1\lib\</path>
         <kind>archive</kind>
         <file>rts55x.lib</file>
         <name>fltid.obj</name>
      </input_file>
      <input_file id="fl-28">
         <path>C:\ti\ccsv6\tools\compiler\c5500_4.4.1\lib\</path>
         <kind>archive</kind>
         <file>rts55x.lib</file>
         <name>fltlid.obj</name>
      </input_file>
      <input_file id="fl-29">
         <path>C:\ti\ccsv6\tools\compiler\c5500_4.4.1\lib\</path>
         <kind>archive</kind>
         <file>rts55x.lib</file>
         <name>frcmpyd_div.obj</name>
      </input_file>
      <input_file id="fl-2a">
         <path>C:\ti\ccsv6\tools\compiler\c5500_4.4.1\lib\</path>
         <kind>archive</kind>
         <file>rts55x.lib</file>
         <name>lmpy.obj</name>
      </input_file>
      <input_file id="fl-2b">
         <path>C:\ti\ccsv6\tools\compiler\c5500_4.4.1\lib\</path>
         <kind>archive</kind>
         <file>rts55x.lib</file>
         <name>modf.obj</name>
      </input_file>
      <input_file id="fl-2c">
         <path>C:\ti\ccsv6\tools\compiler\c5500_4.4.1\lib\</path>
         <kind>archive</kind>
         <file>rts55x.lib</file>
         <name>mpyd.obj</name>
      </input_file>
      <input_file id="fl-2d">
         <path>C:\ti\ccsv6\tools\compiler\c5500_4.4.1\lib\</path>
         <kind>archive</kind>
         <file>rts55x.lib</file>
         <name>negd.obj</name>
      </input_file>
      <input_file id="fl-2e">
         <path>C:\ti\ccsv6\tools\compiler\c5500_4.4.1\lib\</path>
         <kind>archive</kind>
         <file>rts55x.lib</file>
         <name>pow.obj</name>
      </input_file>
      <input_file id="fl-2f">
         <path>C:\ti\ccsv6\tools\compiler\c5500_4.4.1\lib\</path>
         <kind>archive</kind>
         <file>rts55x.lib</file>
         <name>printf.obj</name>
      </input_file>
      <input_file id="fl-30">
         <path>C:\ti\ccsv6\tools\compiler\c5500_4.4.1\lib\</path>
         <kind>archive</kind>
         <file>rts55x.lib</file>
         <name>remul.obj</name>
      </input_file>
      <input_file id="fl-31">
         <path>C:\ti\ccsv6\tools\compiler\c5500_4.4.1\lib\</path>
         <kind>archive</kind>
         <file>rts55x.lib</file>
         <name>round.obj</name>
      </input_file>
      <input_file id="fl-32">
         <path>C:\ti\ccsv6\tools\compiler\c5500_4.4.1\lib\</path>
         <kind>archive</kind>
         <file>rts55x.lib</file>
         <name>sqrt.obj</name>
      </input_file>
      <input_file id="fl-33">
         <path>C:\ti\ccsv6\tools\compiler\c5500_4.4.1\lib\</path>
         <kind>archive</kind>
         <file>rts55x.lib</file>
         <name>subd.obj</name>
      </input_file>
      <input_file id="fl-34">
         <path>C:\ti\ccsv6\tools\compiler\c5500_4.4.1\lib\</path>
         <kind>archive</kind>
         <file>rts55x.lib</file>
         <name>trunc.obj</name>
      </input_file>
      <input_file id="fl-35">
         <path>C:\ti\ccsv6\tools\compiler\c5500_4.4.1\lib\</path>
         <kind>archive</kind>
         <file>rts55x.lib</file>
         <name>vectors.obj</name>
      </input_file>
      <input_file id="fl-36">
         <path>C:\ti\ccsv6\tools\compiler\c5500_4.4.1\lib\</path>
         <kind>archive</kind>
         <file>rts55x.lib</file>
         <name>_lock.obj</name>
      </input_file>
      <input_file id="fl-37">
         <path>C:\ti\ccsv6\tools\compiler\c5500_4.4.1\lib\</path>
         <kind>archive</kind>
         <file>rts55x.lib</file>
         <name>_printfi.obj</name>
      </input_file>
      <input_file id="fl-38">
         <path>C:\ti\ccsv6\tools\compiler\c5500_4.4.1\lib\</path>
         <kind>archive</kind>
         <file>rts55x.lib</file>
         <name>args_main.obj</name>
      </input_file>
      <input_file id="fl-39">
         <path>C:\ti\ccsv6\tools\compiler\c5500_4.4.1\lib\</path>
         <kind>archive</kind>
         <file>rts55x.lib</file>
         <name>atoi.obj</name>
      </input_file>
      <input_file id="fl-3a">
         <path>C:\ti\ccsv6\tools\compiler\c5500_4.4.1\lib\</path>
         <kind>archive</kind>
         <file>rts55x.lib</file>
         <name>autoinit.obj</name>
      </input_file>
      <input_file id="fl-3b">
         <path>C:\ti\ccsv6\tools\compiler\c5500_4.4.1\lib\</path>
         <kind>archive</kind>
         <file>rts55x.lib</file>
         <name>ctype.obj</name>
      </input_file>
      <input_file id="fl-3c">
         <path>C:\ti\ccsv6\tools\compiler\c5500_4.4.1\lib\</path>
         <kind>archive</kind>
         <file>rts55x.lib</file>
         <name>defs.obj</name>
      </input_file>
      <input_file id="fl-3d">
         <path>C:\ti\ccsv6\tools\compiler\c5500_4.4.1\lib\</path>
         <kind>archive</kind>
         <file>rts55x.lib</file>
         <name>errno.obj</name>
      </input_file>
      <input_file id="fl-3e">
         <path>C:\ti\ccsv6\tools\compiler\c5500_4.4.1\lib\</path>
         <kind>archive</kind>
         <file>rts55x.lib</file>
         <name>fputc.obj</name>
      </input_file>
      <input_file id="fl-3f">
         <path>C:\ti\ccsv6\tools\compiler\c5500_4.4.1\lib\</path>
         <kind>archive</kind>
         <file>rts55x.lib</file>
         <name>fputs.obj</name>
      </input_file>
      <input_file id="fl-40">
         <path>C:\ti\ccsv6\tools\compiler\c5500_4.4.1\lib\</path>
         <kind>archive</kind>
         <file>rts55x.lib</file>
         <name>frcmpyd.obj</name>
      </input_file>
      <input_file id="fl-41">
         <path>C:\ti\ccsv6\tools\compiler\c5500_4.4.1\lib\</path>
         <kind>archive</kind>
         <file>rts55x.lib</file>
         <name>frexp.obj</name>
      </input_file>
      <input_file id="fl-42">
         <path>C:\ti\ccsv6\tools\compiler\c5500_4.4.1\lib\</path>
         <kind>archive</kind>
         <file>rts55x.lib</file>
         <name>isinf.obj</name>
      </input_file>
      <input_file id="fl-43">
         <path>C:\ti\ccsv6\tools\compiler\c5500_4.4.1\lib\</path>
         <kind>archive</kind>
         <file>rts55x.lib</file>
         <name>ldexp.obj</name>
      </input_file>
      <input_file id="fl-44">
         <path>C:\ti\ccsv6\tools\compiler\c5500_4.4.1\lib\</path>
         <kind>archive</kind>
         <file>rts55x.lib</file>
         <name>llmpy.obj</name>
      </input_file>
      <input_file id="fl-45">
         <path>C:\ti\ccsv6\tools\compiler\c5500_4.4.1\lib\</path>
         <kind>archive</kind>
         <file>rts55x.lib</file>
         <name>lowlev.obj</name>
      </input_file>
      <input_file id="fl-46">
         <path>C:\ti\ccsv6\tools\compiler\c5500_4.4.1\lib\</path>
         <kind>archive</kind>
         <file>rts55x.lib</file>
         <name>ltoa.obj</name>
      </input_file>
      <input_file id="fl-47">
         <path>C:\ti\ccsv6\tools\compiler\c5500_4.4.1\lib\</path>
         <kind>archive</kind>
         <file>rts55x.lib</file>
         <name>memccpy.obj</name>
      </input_file>
      <input_file id="fl-48">
         <path>C:\ti\ccsv6\tools\compiler\c5500_4.4.1\lib\</path>
         <kind>archive</kind>
         <file>rts55x.lib</file>
         <name>memcpy.obj</name>
      </input_file>
      <input_file id="fl-49">
         <path>C:\ti\ccsv6\tools\compiler\c5500_4.4.1\lib\</path>
         <kind>archive</kind>
         <file>rts55x.lib</file>
         <name>remli.obj</name>
      </input_file>
      <input_file id="fl-4a">
         <path>C:\ti\ccsv6\tools\compiler\c5500_4.4.1\lib\</path>
         <kind>archive</kind>
         <file>rts55x.lib</file>
         <name>trgdrv.obj</name>
      </input_file>
      <input_file id="fl-4b">
         <path>C:\ti\ccsv6\tools\compiler\c5500_4.4.1\lib\</path>
         <kind>archive</kind>
         <file>rts55x.lib</file>
         <name>trgmsg.obj</name>
      </input_file>
      <input_file id="fl-4c">
         <path>C:\ti\ccsv6\tools\compiler\c5500_4.4.1\lib\</path>
         <kind>archive</kind>
         <file>rts55x.lib</file>
         <name>udiv.obj</name>
      </input_file>
      <input_file id="fl-4d">
         <path>C:\ti\ccsv6\tools\compiler\c5500_4.4.1\lib\</path>
         <kind>archive</kind>
         <file>rts55x.lib</file>
         <name>_io_perm.obj</name>
      </input_file>
      <input_file id="fl-4e">
         <path>C:\ti\ccsv6\tools\compiler\c5500_4.4.1\lib\</path>
         <kind>archive</kind>
         <file>rts55x.lib</file>
         <name>divli.obj</name>
      </input_file>
      <input_file id="fl-4f">
         <path>C:\ti\ccsv6\tools\compiler\c5500_4.4.1\lib\</path>
         <kind>archive</kind>
         <file>rts55x.lib</file>
         <name>fflush.obj</name>
      </input_file>
      <input_file id="fl-50">
         <path>C:\ti\ccsv6\tools\compiler\c5500_4.4.1\lib\</path>
         <kind>archive</kind>
         <file>rts55x.lib</file>
         <name>fseek.obj</name>
      </input_file>
      <input_file id="fl-51">
         <path>C:\ti\ccsv6\tools\compiler\c5500_4.4.1\lib\</path>
         <kind>archive</kind>
         <file>rts55x.lib</file>
         <name>setvbuf.obj</name>
      </input_file>
      <input_file id="fl-52">
         <path>C:\ti\ccsv6\tools\compiler\c5500_4.4.1\lib\</path>
         <kind>archive</kind>
         <file>rts55x.lib</file>
         <name>fopen.obj</name>
      </input_file>
      <input_file id="fl-53">
         <path>C:\ti\ccsv6\tools\compiler\c5500_4.4.1\lib\</path>
         <kind>archive</kind>
         <file>rts55x.lib</file>
         <name>memory.obj</name>
      </input_file>
      <input_file id="fl-54">
         <path>C:\ti\ccsv6\tools\compiler\c5500_4.4.1\lib\</path>
         <kind>archive</kind>
         <file>rts55x.lib</file>
         <name>fclose.obj</name>
      </input_file>
      <input_file id="fl-55">
         <path>C:\ti\ccsv6\tools\compiler\c5500_4.4.1\lib\</path>
         <kind>archive</kind>
         <file>rts55x.lib</file>
         <name>remove.obj</name>
      </input_file>
   </input_file_list>
   <object_component_list>
      <object_component id="oc-fb">
         <name>.text</name>
         <load_address>0x20000</load_address>
         <run_address>0x20000</run_address>
         <size>0x15a4</size>
         <input_file_ref idref="fl-37"/>
      </object_component>
      <object_component id="oc-7c">
         <name>.text</name>
         <load_address>0x215a4</load_address>
         <run_address>0x215a4</run_address>
         <size>0xc3c</size>
         <input_file_ref idref="fl-1c"/>
      </object_component>
      <object_component id="oc-66">
         <name>.text</name>
         <load_address>0x221e0</load_address>
         <run_address>0x221e0</run_address>
         <size>0xb18</size>
         <input_file_ref idref="fl-18"/>
      </object_component>
      <object_component id="oc-75">
         <name>.text</name>
         <load_address>0x22cf8</load_address>
         <run_address>0x22cf8</run_address>
         <size>0x9f3</size>
         <input_file_ref idref="fl-1b"/>
      </object_component>
      <object_component id="oc-39">
         <name>.text</name>
         <load_address>0x236eb</load_address>
         <run_address>0x236eb</run_address>
         <size>0x8c5</size>
         <input_file_ref idref="fl-8"/>
      </object_component>
      <object_component id="oc-82">
         <name>.text</name>
         <load_address>0x23fb0</load_address>
         <run_address>0x23fb0</run_address>
         <size>0x68d</size>
         <input_file_ref idref="fl-1d"/>
      </object_component>
      <object_component id="oc-18">
         <name>.text</name>
         <load_address>0x2463d</load_address>
         <run_address>0x2463d</run_address>
         <size>0x5b5</size>
         <input_file_ref idref="fl-3"/>
      </object_component>
      <object_component id="oc-cf">
         <name>.text</name>
         <load_address>0x24bf2</load_address>
         <run_address>0x24bf2</run_address>
         <size>0x5a6</size>
         <input_file_ref idref="fl-2e"/>
      </object_component>
      <object_component id="oc-6f">
         <name>.text</name>
         <load_address>0x25198</load_address>
         <run_address>0x25198</run_address>
         <size>0x554</size>
         <input_file_ref idref="fl-1a"/>
      </object_component>
      <object_component id="oc-136">
         <name>.text</name>
         <load_address>0x256ec</load_address>
         <run_address>0x256ec</run_address>
         <size>0x543</size>
         <input_file_ref idref="fl-45"/>
      </object_component>
      <object_component id="oc-14c">
         <name>.text</name>
         <load_address>0x25c2f</load_address>
         <run_address>0x25c2f</run_address>
         <size>0x528</size>
         <input_file_ref idref="fl-4a"/>
      </object_component>
      <object_component id="oc-2a">
         <name>.text</name>
         <load_address>0x26157</load_address>
         <run_address>0x26157</run_address>
         <size>0x4c6</size>
         <input_file_ref idref="fl-6"/>
      </object_component>
      <object_component id="oc-175">
         <name>.text</name>
         <load_address>0x2661d</load_address>
         <run_address>0x2661d</run_address>
         <size>0x4b5</size>
         <input_file_ref idref="fl-53"/>
      </object_component>
      <object_component id="oc-9a">
         <name>.text</name>
         <load_address>0x26ad2</load_address>
         <run_address>0x26ad2</run_address>
         <size>0x3cc</size>
         <input_file_ref idref="fl-22"/>
      </object_component>
      <object_component id="oc-1e">
         <name>.text</name>
         <load_address>0x26e9e</load_address>
         <run_address>0x26e9e</run_address>
         <size>0x31b</size>
         <input_file_ref idref="fl-4"/>
      </object_component>
      <object_component id="oc-33">
         <name>.text</name>
         <load_address>0x271b9</load_address>
         <run_address>0x271b9</run_address>
         <size>0x2e1</size>
         <input_file_ref idref="fl-7"/>
      </object_component>
      <object_component id="oc-16f">
         <name>.text</name>
         <load_address>0x2749a</load_address>
         <run_address>0x2749a</run_address>
         <size>0x27f</size>
         <input_file_ref idref="fl-52"/>
      </object_component>
      <object_component id="oc-132">
         <name>.text</name>
         <load_address>0x27719</load_address>
         <run_address>0x27719</run_address>
         <size>0x25e</size>
         <input_file_ref idref="fl-44"/>
      </object_component>
      <object_component id="oc-87">
         <name>.text</name>
         <load_address>0x27977</load_address>
         <run_address>0x27977</run_address>
         <size>0x25a</size>
         <input_file_ref idref="fl-1e"/>
      </object_component>
      <object_component id="oc-93">
         <name>.text</name>
         <load_address>0x27bd1</load_address>
         <run_address>0x27bd1</run_address>
         <size>0x218</size>
         <input_file_ref idref="fl-21"/>
      </object_component>
      <object_component id="oc-8f">
         <name>.text</name>
         <load_address>0x27de9</load_address>
         <run_address>0x27de9</run_address>
         <size>0x1ea</size>
         <input_file_ref idref="fl-20"/>
      </object_component>
      <object_component id="oc-46">
         <name>.text</name>
         <load_address>0x27fd3</load_address>
         <run_address>0x27fd3</run_address>
         <size>0x192</size>
         <input_file_ref idref="fl-12"/>
      </object_component>
      <object_component id="oc-3f">
         <name>.text</name>
         <load_address>0x28165</load_address>
         <run_address>0x28165</run_address>
         <size>0x17a</size>
         <input_file_ref idref="fl-11"/>
      </object_component>
      <object_component id="oc-11b">
         <name>.text</name>
         <load_address>0x282df</load_address>
         <run_address>0x282df</run_address>
         <size>0x163</size>
         <input_file_ref idref="fl-3f"/>
      </object_component>
      <object_component id="oc-c7">
         <name>.text</name>
         <load_address>0x28442</load_address>
         <run_address>0x28442</run_address>
         <size>0x14c</size>
         <input_file_ref idref="fl-2c"/>
      </object_component>
      <object_component id="oc-25">
         <name>.text</name>
         <load_address>0x2858e</load_address>
         <run_address>0x2858e</run_address>
         <size>0x120</size>
         <input_file_ref idref="fl-5"/>
      </object_component>
      <object_component id="oc-e3">
         <name>.text</name>
         <load_address>0x286ae</load_address>
         <run_address>0x286ae</run_address>
         <size>0x116</size>
         <input_file_ref idref="fl-32"/>
      </object_component>
      <object_component id="oc-4b">
         <name>.text</name>
         <load_address>0x287c4</load_address>
         <run_address>0x287c4</run_address>
         <size>0x107</size>
         <input_file_ref idref="fl-13"/>
      </object_component>
      <object_component id="oc-12d">
         <name>.text</name>
         <load_address>0x288cb</load_address>
         <run_address>0x288cb</run_address>
         <size>0xf2</size>
         <input_file_ref idref="fl-43"/>
      </object_component>
      <object_component id="oc-16b">
         <name>.text</name>
         <load_address>0x289bd</load_address>
         <run_address>0x289bd</run_address>
         <size>0xe6</size>
         <input_file_ref idref="fl-51"/>
      </object_component>
      <object_component id="oc-15b">
         <name>.text</name>
         <load_address>0x28aa3</load_address>
         <run_address>0x28aa3</run_address>
         <size>0xdd</size>
         <input_file_ref idref="fl-4d"/>
      </object_component>
      <object_component id="oc-21">
         <name>.text:retain</name>
         <load_address>0x28b80</load_address>
         <run_address>0x28b80</run_address>
         <size>0xcc</size>
         <input_file_ref idref="fl-4"/>
      </object_component>
      <object_component id="oc-124">
         <name>.text</name>
         <load_address>0x28c4c</load_address>
         <run_address>0x28c4c</run_address>
         <size>0xcc</size>
         <input_file_ref idref="fl-41"/>
      </object_component>
      <object_component id="oc-12">
         <name>.text</name>
         <load_address>0x28d18</load_address>
         <run_address>0x28d18</run_address>
         <size>0xc3</size>
         <input_file_ref idref="fl-2"/>
      </object_component>
      <object_component id="oc-163">
         <name>.text</name>
         <load_address>0x28ddb</load_address>
         <run_address>0x28ddb</run_address>
         <size>0xc2</size>
         <input_file_ref idref="fl-4f"/>
      </object_component>
      <object_component id="oc-c2">
         <name>.text</name>
         <load_address>0x28e9d</load_address>
         <run_address>0x28e9d</run_address>
         <size>0xbf</size>
         <input_file_ref idref="fl-2b"/>
      </object_component>
      <object_component id="oc-154">
         <name>.text:CIO_breakpoint</name>
         <load_address>0x28f5c</load_address>
         <run_address>0x28f5c</run_address>
         <size>0xba</size>
         <input_file_ref idref="fl-4b"/>
      </object_component>
      <object_component id="oc-117">
         <name>.text</name>
         <load_address>0x29016</load_address>
         <run_address>0x29016</run_address>
         <size>0xa6</size>
         <input_file_ref idref="fl-3e"/>
      </object_component>
      <object_component id="oc-9e">
         <name>.text</name>
         <load_address>0x290bc</load_address>
         <run_address>0x290bc</run_address>
         <size>0xa1</size>
         <input_file_ref idref="fl-23"/>
      </object_component>
      <object_component id="oc-51">
         <name>.text</name>
         <load_address>0x2915d</load_address>
         <run_address>0x2915d</run_address>
         <size>0x8e</size>
         <input_file_ref idref="fl-14"/>
      </object_component>
      <object_component id="oc-6b">
         <name>.text</name>
         <load_address>0x291eb</load_address>
         <run_address>0x291eb</run_address>
         <size>0x8c</size>
         <input_file_ref idref="fl-19"/>
      </object_component>
      <object_component id="oc-56">
         <name>.text</name>
         <load_address>0x29277</load_address>
         <run_address>0x29277</run_address>
         <size>0x87</size>
         <input_file_ref idref="fl-15"/>
      </object_component>
      <object_component id="oc-13c">
         <name>.text</name>
         <load_address>0x292fe</load_address>
         <run_address>0x292fe</run_address>
         <size>0x7d</size>
         <input_file_ref idref="fl-46"/>
      </object_component>
      <object_component id="oc-17c">
         <name>.text</name>
         <load_address>0x2937b</load_address>
         <run_address>0x2937b</run_address>
         <size>0x7b</size>
         <input_file_ref idref="fl-54"/>
      </object_component>
      <object_component id="oc-120">
         <name>.text</name>
         <load_address>0x293f6</load_address>
         <run_address>0x293f6</run_address>
         <size>0x76</size>
         <input_file_ref idref="fl-40"/>
      </object_component>
      <object_component id="oc-ba">
         <name>.text</name>
         <load_address>0x2946c</load_address>
         <run_address>0x2946c</run_address>
         <size>0x73</size>
         <input_file_ref idref="fl-29"/>
      </object_component>
      <object_component id="oc-da">
         <name>.text</name>
         <load_address>0x294df</load_address>
         <run_address>0x294df</run_address>
         <size>0x72</size>
         <input_file_ref idref="fl-30"/>
      </object_component>
      <object_component id="oc-ad">
         <name>.text</name>
         <load_address>0x29551</load_address>
         <run_address>0x29551</run_address>
         <size>0x6f</size>
         <input_file_ref idref="fl-26"/>
      </object_component>
      <object_component id="oc-61">
         <name>.text</name>
         <load_address>0x295c0</load_address>
         <run_address>0x295c0</run_address>
         <size>0x6d</size>
         <input_file_ref idref="fl-17"/>
      </object_component>
      <object_component id="oc-151">
         <name>.text</name>
         <load_address>0x2962d</load_address>
         <run_address>0x2962d</run_address>
         <size>0x6d</size>
         <input_file_ref idref="fl-4b"/>
      </object_component>
      <object_component id="oc-167">
         <name>.text</name>
         <load_address>0x2969a</load_address>
         <run_address>0x2969a</run_address>
         <size>0x6b</size>
         <input_file_ref idref="fl-50"/>
      </object_component>
      <object_component id="oc-b5">
         <name>.text</name>
         <load_address>0x29705</load_address>
         <run_address>0x29705</run_address>
         <size>0x67</size>
         <input_file_ref idref="fl-28"/>
      </object_component>
      <object_component id="oc-de">
         <name>.text</name>
         <load_address>0x2976c</load_address>
         <run_address>0x2976c</run_address>
         <size>0x5f</size>
         <input_file_ref idref="fl-31"/>
      </object_component>
      <object_component id="oc-105">
         <name>.text</name>
         <load_address>0x297cb</load_address>
         <run_address>0x297cb</run_address>
         <size>0x5c</size>
         <input_file_ref idref="fl-39"/>
      </object_component>
      <object_component id="oc-5c">
         <name>.text</name>
         <load_address>0x29827</load_address>
         <run_address>0x29827</run_address>
         <size>0x54</size>
         <input_file_ref idref="fl-16"/>
      </object_component>
      <object_component id="oc-d6">
         <name>.text</name>
         <load_address>0x2987b</load_address>
         <run_address>0x2987b</run_address>
         <size>0x50</size>
         <input_file_ref idref="fl-2f"/>
      </object_component>
      <object_component id="oc-109">
         <name>.text</name>
         <load_address>0x298cb</load_address>
         <run_address>0x298cb</run_address>
         <size>0x4d</size>
         <input_file_ref idref="fl-3a"/>
      </object_component>
      <object_component id="oc-101">
         <name>.text</name>
         <load_address>0x29918</load_address>
         <run_address>0x29918</run_address>
         <size>0x4b</size>
         <input_file_ref idref="fl-38"/>
      </object_component>
      <object_component id="oc-148">
         <name>.text</name>
         <load_address>0x29963</load_address>
         <run_address>0x29963</run_address>
         <size>0x4b</size>
         <input_file_ref idref="fl-49"/>
      </object_component>
      <object_component id="oc-15f">
         <name>.text</name>
         <load_address>0x299ae</load_address>
         <run_address>0x299ae</run_address>
         <size>0x48</size>
         <input_file_ref idref="fl-4e"/>
      </object_component>
      <object_component id="oc-ec">
         <name>.text</name>
         <load_address>0x299f6</load_address>
         <run_address>0x299f6</run_address>
         <size>0x41</size>
         <input_file_ref idref="fl-34"/>
      </object_component>
      <object_component id="oc-144">
         <name>.text</name>
         <load_address>0x29a37</load_address>
         <run_address>0x29a37</run_address>
         <size>0x3f</size>
         <input_file_ref idref="fl-48"/>
      </object_component>
      <object_component id="oc-a2">
         <name>.text</name>
         <load_address>0x29a76</load_address>
         <run_address>0x29a76</run_address>
         <size>0x3e</size>
         <input_file_ref idref="fl-24"/>
      </object_component>
      <object_component id="oc-10">
         <name>.text</name>
         <load_address>0x29ab4</load_address>
         <run_address>0x29ab4</run_address>
         <size>0x34</size>
         <input_file_ref idref="fl-1f"/>
      </object_component>
      <object_component id="oc-a9">
         <name>.text</name>
         <load_address>0x29ae8</load_address>
         <run_address>0x29ae8</run_address>
         <size>0x2a</size>
         <input_file_ref idref="fl-25"/>
      </object_component>
      <object_component id="oc-157">
         <name>.text</name>
         <load_address>0x29b12</load_address>
         <run_address>0x29b12</run_address>
         <size>0x2a</size>
         <input_file_ref idref="fl-4c"/>
      </object_component>
      <object_component id="oc-140">
         <name>.text</name>
         <load_address>0x29b3c</load_address>
         <run_address>0x29b3c</run_address>
         <size>0x23</size>
         <input_file_ref idref="fl-47"/>
      </object_component>
      <object_component id="oc-129">
         <name>.text</name>
         <load_address>0x29b5f</load_address>
         <run_address>0x29b5f</run_address>
         <size>0x1a</size>
         <input_file_ref idref="fl-42"/>
      </object_component>
      <object_component id="oc-e8">
         <name>.text</name>
         <load_address>0x29b79</load_address>
         <run_address>0x29b79</run_address>
         <size>0x14</size>
         <input_file_ref idref="fl-33"/>
      </object_component>
      <object_component id="oc-be">
         <name>.text</name>
         <load_address>0x29b8d</load_address>
         <run_address>0x29b8d</run_address>
         <size>0x13</size>
         <input_file_ref idref="fl-2a"/>
      </object_component>
      <object_component id="oc-f5">
         <name>.text</name>
         <load_address>0x29ba0</load_address>
         <run_address>0x29ba0</run_address>
         <size>0x12</size>
         <input_file_ref idref="fl-36"/>
      </object_component>
      <object_component id="oc-cb">
         <name>.text</name>
         <load_address>0x29bb2</load_address>
         <run_address>0x29bb2</run_address>
         <size>0x10</size>
         <input_file_ref idref="fl-2d"/>
      </object_component>
      <object_component id="oc-b1">
         <name>.text</name>
         <load_address>0x29bc2</load_address>
         <run_address>0x29bc2</run_address>
         <size>0xc</size>
         <input_file_ref idref="fl-27"/>
      </object_component>
      <object_component id="oc-180">
         <name>.text</name>
         <load_address>0x29bce</load_address>
         <run_address>0x29bce</run_address>
         <size>0xa</size>
         <input_file_ref idref="fl-55"/>
      </object_component>
      <object_component id="oc-a6">
         <name>.text:CIO_breakpoint</name>
         <load_address>0x29bd8</load_address>
         <run_address>0x29bd8</run_address>
         <size>0x7</size>
         <input_file_ref idref="fl-24"/>
      </object_component>
      <object_component id="oc-f1">
         <name>.text</name>
         <load_address>0x29bdf</load_address>
         <run_address>0x29bdf</run_address>
         <size>0x2</size>
         <input_file_ref idref="fl-35"/>
      </object_component>
      <object_component id="oc-8b">
         <name>.stack</name>
         <uninitialized>true</uninitialized>
         <run_address>0xc0</run_address>
         <size>0x0</size>
         <input_file_ref idref="fl-1f"/>
      </object_component>
      <object_component id="oc-1a0">
         <name>.stack</name>
         <uninitialized>true</uninitialized>
         <run_address>0xc0</run_address>
         <size>0x0</size>
      </object_component>
      <object_component id="oc-184">
         <name>.sysstack</name>
         <uninitialized>true</uninitialized>
         <run_address>0x20c0</run_address>
         <size>0x0</size>
         <input_file_ref idref="fl-1f"/>
      </object_component>
      <object_component id="oc-1a2">
         <name>.sysstack</name>
         <uninitialized>true</uninitialized>
         <run_address>0x20c0</run_address>
         <size>0x0</size>
      </object_component>
      <object_component id="oc-2b">
         <name>.bss</name>
         <uninitialized>true</uninitialized>
         <run_address>0x50c0</run_address>
         <size>0xa0c</size>
         <input_file_ref idref="fl-6"/>
      </object_component>
      <object_component id="oc-13">
         <name>.bss</name>
         <uninitialized>true</uninitialized>
         <run_address>0x5acc</run_address>
         <size>0x4</size>
         <input_file_ref idref="fl-2"/>
      </object_component>
      <object_component id="oc-1f">
         <name>.bss</name>
         <uninitialized>true</uninitialized>
         <run_address>0x5ad0</run_address>
         <size>0x810</size>
         <input_file_ref idref="fl-4"/>
      </object_component>
      <object_component id="oc-10f">
         <name>.bss</name>
         <uninitialized>true</uninitialized>
         <run_address>0x62e0</run_address>
         <size>0x232</size>
         <input_file_ref idref="fl-3c"/>
      </object_component>
      <object_component id="oc-14d">
         <name>.bss</name>
         <uninitialized>true</uninitialized>
         <run_address>0x6512</run_address>
         <size>0x1a0</size>
         <input_file_ref idref="fl-4a"/>
      </object_component>
      <object_component id="oc-113">
         <name>.bss</name>
         <uninitialized>true</uninitialized>
         <run_address>0x66b2</run_address>
         <size>0x2</size>
         <input_file_ref idref="fl-3d"/>
      </object_component>
      <object_component id="oc-70">
         <name>.bss</name>
         <uninitialized>true</uninitialized>
         <run_address>0x66b4</run_address>
         <size>0x108</size>
         <input_file_ref idref="fl-1a"/>
      </object_component>
      <object_component id="oc-137">
         <name>.bss</name>
         <uninitialized>true</uninitialized>
         <run_address>0x67bc</run_address>
         <size>0xe2</size>
         <input_file_ref idref="fl-45"/>
      </object_component>
      <object_component id="oc-170">
         <name>.bss</name>
         <uninitialized>true</uninitialized>
         <run_address>0x689e</run_address>
         <size>0x2</size>
         <input_file_ref idref="fl-52"/>
      </object_component>
      <object_component id="oc-d0">
         <name>.bss</name>
         <uninitialized>true</uninitialized>
         <run_address>0x68a0</run_address>
         <size>0x74</size>
         <input_file_ref idref="fl-2e"/>
      </object_component>
      <object_component id="oc-76">
         <name>.bss</name>
         <uninitialized>true</uninitialized>
         <run_address>0x6914</run_address>
         <size>0x54</size>
         <input_file_ref idref="fl-1b"/>
      </object_component>
      <object_component id="oc-7d">
         <name>.bss</name>
         <uninitialized>true</uninitialized>
         <run_address>0x6968</run_address>
         <size>0x24</size>
         <input_file_ref idref="fl-1c"/>
      </object_component>
      <object_component id="oc-40">
         <name>.bss</name>
         <uninitialized>true</uninitialized>
         <run_address>0x698c</run_address>
         <size>0x10</size>
         <input_file_ref idref="fl-11"/>
      </object_component>
      <object_component id="oc-94">
         <name>.bss</name>
         <uninitialized>true</uninitialized>
         <run_address>0x699c</run_address>
         <size>0x10</size>
         <input_file_ref idref="fl-21"/>
      </object_component>
      <object_component id="oc-176">
         <name>.bss</name>
         <uninitialized>true</uninitialized>
         <run_address>0x69ac</run_address>
         <size>0xc</size>
         <input_file_ref idref="fl-53"/>
      </object_component>
      <object_component id="oc-57">
         <name>.bss</name>
         <uninitialized>true</uninitialized>
         <run_address>0x69b8</run_address>
         <size>0x8</size>
         <input_file_ref idref="fl-15"/>
      </object_component>
      <object_component id="oc-f6">
         <name>.bss</name>
         <uninitialized>true</uninitialized>
         <run_address>0x69c0</run_address>
         <size>0x8</size>
         <input_file_ref idref="fl-36"/>
      </object_component>
      <object_component id="oc-a3">
         <name>.bss</name>
         <uninitialized>true</uninitialized>
         <run_address>0x69c8</run_address>
         <size>0x8</size>
         <input_file_ref idref="fl-24"/>
      </object_component>
      <object_component id="oc-4c">
         <name>.bss</name>
         <uninitialized>true</uninitialized>
         <run_address>0x69d0</run_address>
         <size>0x4</size>
         <input_file_ref idref="fl-13"/>
      </object_component>
      <object_component id="oc-1a">
         <name>.const:.string</name>
         <load_address>0x69d4</load_address>
         <run_address>0x69d4</run_address>
         <size>0x2e8</size>
         <input_file_ref idref="fl-3"/>
      </object_component>
      <object_component id="oc-188">
         <name>.const:__ctypes_</name>
         <load_address>0x6cbc</load_address>
         <run_address>0x6cbc</run_address>
         <size>0x202</size>
         <input_file_ref idref="fl-3b"/>
      </object_component>
      <object_component id="oc-186">
         <name>.const:_consolas_8ptBitmaps</name>
         <load_address>0x6ebe</load_address>
         <run_address>0x6ebe</run_address>
         <size>0xd8</size>
         <input_file_ref idref="fl-7"/>
      </object_component>
      <object_component id="oc-35">
         <name>.const</name>
         <load_address>0x6f96</load_address>
         <run_address>0x6f96</run_address>
         <size>0x2</size>
         <input_file_ref idref="fl-7"/>
      </object_component>
      <object_component id="oc-2f">
         <name>.const:.string</name>
         <load_address>0x6f98</load_address>
         <run_address>0x6f98</run_address>
         <size>0x4c</size>
         <input_file_ref idref="fl-6"/>
      </object_component>
      <object_component id="oc-fe">
         <name>.const:.string</name>
         <load_address>0x6fe4</load_address>
         <run_address>0x6fe4</run_address>
         <size>0x48</size>
         <input_file_ref idref="fl-37"/>
      </object_component>
      <object_component id="oc-d3">
         <name>.const</name>
         <load_address>0x702c</load_address>
         <run_address>0x702c</run_address>
         <size>0x38</size>
         <input_file_ref idref="fl-2e"/>
      </object_component>
      <object_component id="oc-97">
         <name>.const</name>
         <load_address>0x7064</load_address>
         <run_address>0x7064</run_address>
         <size>0x2c</size>
         <input_file_ref idref="fl-21"/>
      </object_component>
      <object_component id="oc-3b">
         <name>.const</name>
         <load_address>0x7090</load_address>
         <run_address>0x7090</run_address>
         <size>0x1c</size>
         <input_file_ref idref="fl-8"/>
      </object_component>
      <object_component id="oc-fd">
         <name>.const</name>
         <load_address>0x70ac</load_address>
         <run_address>0x70ac</run_address>
         <size>0x18</size>
         <input_file_ref idref="fl-37"/>
      </object_component>
      <object_component id="oc-12f">
         <name>.const</name>
         <load_address>0x70c4</load_address>
         <run_address>0x70c4</run_address>
         <size>0x14</size>
         <input_file_ref idref="fl-43"/>
      </object_component>
      <object_component id="oc-e5">
         <name>.const</name>
         <load_address>0x70d8</load_address>
         <run_address>0x70d8</run_address>
         <size>0x14</size>
         <input_file_ref idref="fl-32"/>
      </object_component>
      <object_component id="oc-187">
         <name>.const:_initial_approx$1</name>
         <load_address>0x70ec</load_address>
         <run_address>0x70ec</run_address>
         <size>0x10</size>
         <input_file_ref idref="fl-22"/>
      </object_component>
      <object_component id="oc-126">
         <name>.const</name>
         <load_address>0x70fc</load_address>
         <run_address>0x70fc</run_address>
         <size>0x10</size>
         <input_file_ref idref="fl-41"/>
      </object_component>
      <object_component id="oc-e0">
         <name>.const</name>
         <load_address>0x710c</load_address>
         <run_address>0x710c</run_address>
         <size>0x10</size>
         <input_file_ref idref="fl-31"/>
      </object_component>
      <object_component id="oc-c4">
         <name>.const</name>
         <load_address>0x711c</load_address>
         <run_address>0x711c</run_address>
         <size>0xc</size>
         <input_file_ref idref="fl-2b"/>
      </object_component>
      <object_component id="oc-ee">
         <name>.const</name>
         <load_address>0x7128</load_address>
         <run_address>0x7128</run_address>
         <size>0x8</size>
         <input_file_ref idref="fl-34"/>
      </object_component>
      <object_component id="oc-11d">
         <name>.const:.string</name>
         <load_address>0x7130</load_address>
         <run_address>0x7130</run_address>
         <size>0x4</size>
         <input_file_ref idref="fl-3f"/>
      </object_component>
      <object_component id="oc-2e">
         <name>.const</name>
         <load_address>0x7134</load_address>
         <run_address>0x7134</run_address>
         <size>0x4</size>
         <input_file_ref idref="fl-6"/>
      </object_component>
      <object_component id="oc-b7">
         <name>.const</name>
         <load_address>0x7138</load_address>
         <run_address>0x7138</run_address>
         <size>0x4</size>
         <input_file_ref idref="fl-28"/>
      </object_component>
      <object_component id="oc-179">
         <name>.sysmem</name>
         <uninitialized>true</uninitialized>
         <run_address>0x30c0</run_address>
         <size>0x0</size>
         <input_file_ref idref="fl-53"/>
      </object_component>
      <object_component id="oc-1a1">
         <name>.sysmem</name>
         <uninitialized>true</uninitialized>
         <run_address>0x30c0</run_address>
         <size>0x0</size>
      </object_component>
      <object_component id="oc-185">
         <name>.switch:_printChar</name>
         <load_address>0x40470</load_address>
         <run_address>0x40470</run_address>
         <size>0x40</size>
         <input_file_ref idref="fl-7"/>
      </object_component>
      <object_component id="oc-d2">
         <name>.cinit</name>
         <load_address>0x40240</load_address>
         <run_address>0x40240</run_address>
         <size>0x8c</size>
         <input_file_ref idref="fl-2e"/>
      </object_component>
      <object_component id="oc-2d">
         <name>.cinit</name>
         <load_address>0x402cc</load_address>
         <run_address>0x402cc</run_address>
         <size>0x76</size>
         <input_file_ref idref="fl-6"/>
      </object_component>
      <object_component id="oc-139">
         <name>.cinit</name>
         <load_address>0x40342</load_address>
         <run_address>0x40342</run_address>
         <size>0x5a</size>
         <input_file_ref idref="fl-45"/>
      </object_component>
      <object_component id="oc-111">
         <name>.cinit</name>
         <load_address>0x4039c</load_address>
         <run_address>0x4039c</run_address>
         <size>0x54</size>
         <input_file_ref idref="fl-3c"/>
      </object_component>
      <object_component id="oc-42">
         <name>.cinit</name>
         <load_address>0x403f0</load_address>
         <run_address>0x403f0</run_address>
         <size>0x18</size>
         <input_file_ref idref="fl-11"/>
      </object_component>
      <object_component id="oc-96">
         <name>.cinit</name>
         <load_address>0x40408</load_address>
         <run_address>0x40408</run_address>
         <size>0x16</size>
         <input_file_ref idref="fl-21"/>
      </object_component>
      <object_component id="oc-f8">
         <name>.cinit</name>
         <load_address>0x4041e</load_address>
         <run_address>0x4041e</run_address>
         <size>0x14</size>
         <input_file_ref idref="fl-36"/>
      </object_component>
      <object_component id="oc-a5">
         <name>.cinit</name>
         <load_address>0x40432</load_address>
         <run_address>0x40432</run_address>
         <size>0x14</size>
         <input_file_ref idref="fl-24"/>
      </object_component>
      <object_component id="oc-78">
         <name>.cinit</name>
         <load_address>0x40446</load_address>
         <run_address>0x40446</run_address>
         <size>0x10</size>
         <input_file_ref idref="fl-1b"/>
      </object_component>
      <object_component id="oc-115">
         <name>.cinit</name>
         <load_address>0x40456</load_address>
         <run_address>0x40456</run_address>
         <size>0x8</size>
         <input_file_ref idref="fl-3d"/>
      </object_component>
      <object_component id="oc-172">
         <name>.cinit</name>
         <load_address>0x4045e</load_address>
         <run_address>0x4045e</run_address>
         <size>0x8</size>
         <input_file_ref idref="fl-52"/>
      </object_component>
      <object_component id="oc-178">
         <name>.cinit</name>
         <load_address>0x40466</load_address>
         <run_address>0x40466</run_address>
         <size>0x8</size>
         <input_file_ref idref="fl-53"/>
      </object_component>
      <object_component id="oc-153">
         <name>.cio</name>
         <uninitialized>true</uninitialized>
         <run_address>0x40000</run_address>
         <size>0x240</size>
         <input_file_ref idref="fl-4b"/>
      </object_component>
      <object_component id="oc-62">
         <name>vectors</name>
         <load_address>0x4fe00</load_address>
         <run_address>0x4fe00</run_address>
         <size>0x100</size>
         <input_file_ref idref="fl-17"/>
      </object_component>
      <object_component id="oc-11">
         <name>vectors</name>
         <load_address>0x4ff00</load_address>
         <run_address>0x4ff00</run_address>
         <size>0x100</size>
         <input_file_ref idref="fl-35"/>
      </object_component>
      <object_component id="oc-14">
         <name>.debug_info</name>
         <load_address>0x0</load_address>
         <run_address>0x0</run_address>
         <size>0xc6a</size>
         <input_file_ref idref="fl-2"/>
      </object_component>
      <object_component id="oc-19">
         <name>.debug_info</name>
         <load_address>0xc6a</load_address>
         <run_address>0xc6a</run_address>
         <size>0x1bc1</size>
         <input_file_ref idref="fl-3"/>
      </object_component>
      <object_component id="oc-20">
         <name>.debug_info</name>
         <load_address>0x282b</load_address>
         <run_address>0x282b</run_address>
         <size>0x1054</size>
         <input_file_ref idref="fl-4"/>
      </object_component>
      <object_component id="oc-26">
         <name>.debug_info</name>
         <load_address>0x387f</load_address>
         <run_address>0x387f</run_address>
         <size>0x771</size>
         <input_file_ref idref="fl-5"/>
      </object_component>
      <object_component id="oc-2c">
         <name>.debug_info</name>
         <load_address>0x3ff0</load_address>
         <run_address>0x3ff0</run_address>
         <size>0x1670</size>
         <input_file_ref idref="fl-6"/>
      </object_component>
      <object_component id="oc-34">
         <name>.debug_info</name>
         <load_address>0x5660</load_address>
         <run_address>0x5660</run_address>
         <size>0xcf3</size>
         <input_file_ref idref="fl-7"/>
      </object_component>
      <object_component id="oc-3a">
         <name>.debug_info</name>
         <load_address>0x6353</load_address>
         <run_address>0x6353</run_address>
         <size>0x13c2</size>
         <input_file_ref idref="fl-8"/>
      </object_component>
      <object_component id="oc-41">
         <name>.debug_info</name>
         <load_address>0x7715</load_address>
         <run_address>0x7715</run_address>
         <size>0x6384</size>
         <input_file_ref idref="fl-11"/>
      </object_component>
      <object_component id="oc-47">
         <name>.debug_info</name>
         <load_address>0xda99</load_address>
         <run_address>0xda99</run_address>
         <size>0x5f6b</size>
         <input_file_ref idref="fl-12"/>
      </object_component>
      <object_component id="oc-4d">
         <name>.debug_info</name>
         <load_address>0x13a04</load_address>
         <run_address>0x13a04</run_address>
         <size>0x6979</size>
         <input_file_ref idref="fl-13"/>
      </object_component>
      <object_component id="oc-52">
         <name>.debug_info</name>
         <load_address>0x1a37d</load_address>
         <run_address>0x1a37d</run_address>
         <size>0x65d7</size>
         <input_file_ref idref="fl-14"/>
      </object_component>
      <object_component id="oc-58">
         <name>.debug_info</name>
         <load_address>0x20954</load_address>
         <run_address>0x20954</run_address>
         <size>0x63d2</size>
         <input_file_ref idref="fl-15"/>
      </object_component>
      <object_component id="oc-5d">
         <name>.debug_info</name>
         <load_address>0x26d26</load_address>
         <run_address>0x26d26</run_address>
         <size>0x5896</size>
         <input_file_ref idref="fl-16"/>
      </object_component>
      <object_component id="oc-63">
         <name>.debug_info</name>
         <load_address>0x2c5bc</load_address>
         <run_address>0x2c5bc</run_address>
         <size>0x1a4</size>
         <input_file_ref idref="fl-17"/>
      </object_component>
      <object_component id="oc-67">
         <name>.debug_info</name>
         <load_address>0x2c760</load_address>
         <run_address>0x2c760</run_address>
         <size>0x6ebb</size>
         <input_file_ref idref="fl-18"/>
      </object_component>
      <object_component id="oc-6c">
         <name>.debug_info</name>
         <load_address>0x3361b</load_address>
         <run_address>0x3361b</run_address>
         <size>0x18e</size>
         <input_file_ref idref="fl-19"/>
      </object_component>
      <object_component id="oc-71">
         <name>.debug_info</name>
         <load_address>0x337a9</load_address>
         <run_address>0x337a9</run_address>
         <size>0x6f61</size>
         <input_file_ref idref="fl-1a"/>
      </object_component>
      <object_component id="oc-77">
         <name>.debug_info</name>
         <load_address>0x3a70a</load_address>
         <run_address>0x3a70a</run_address>
         <size>0x710f</size>
         <input_file_ref idref="fl-1b"/>
      </object_component>
      <object_component id="oc-7e">
         <name>.debug_info</name>
         <load_address>0x41819</load_address>
         <run_address>0x41819</run_address>
         <size>0x7424</size>
         <input_file_ref idref="fl-1c"/>
      </object_component>
      <object_component id="oc-83">
         <name>.debug_info</name>
         <load_address>0x48c3d</load_address>
         <run_address>0x48c3d</run_address>
         <size>0x6ced</size>
         <input_file_ref idref="fl-1d"/>
      </object_component>
      <object_component id="oc-88">
         <name>.debug_info</name>
         <load_address>0x4f92a</load_address>
         <run_address>0x4f92a</run_address>
         <size>0x5ab</size>
         <input_file_ref idref="fl-1e"/>
      </object_component>
      <object_component id="oc-8c">
         <name>.debug_info</name>
         <load_address>0x4fed5</load_address>
         <run_address>0x4fed5</run_address>
         <size>0xe8</size>
         <input_file_ref idref="fl-1f"/>
      </object_component>
      <object_component id="oc-90">
         <name>.debug_info</name>
         <load_address>0x4ffbd</load_address>
         <run_address>0x4ffbd</run_address>
         <size>0x81f</size>
         <input_file_ref idref="fl-20"/>
      </object_component>
      <object_component id="oc-95">
         <name>.debug_info</name>
         <load_address>0x507dc</load_address>
         <run_address>0x507dc</run_address>
         <size>0x716</size>
         <input_file_ref idref="fl-21"/>
      </object_component>
      <object_component id="oc-9b">
         <name>.debug_info</name>
         <load_address>0x50ef2</load_address>
         <run_address>0x50ef2</run_address>
         <size>0x7e8</size>
         <input_file_ref idref="fl-22"/>
      </object_component>
      <object_component id="oc-9f">
         <name>.debug_info</name>
         <load_address>0x516da</load_address>
         <run_address>0x516da</run_address>
         <size>0x534</size>
         <input_file_ref idref="fl-23"/>
      </object_component>
      <object_component id="oc-a4">
         <name>.debug_info</name>
         <load_address>0x51c0e</load_address>
         <run_address>0x51c0e</run_address>
         <size>0x5fb</size>
         <input_file_ref idref="fl-24"/>
      </object_component>
      <object_component id="oc-aa">
         <name>.debug_info</name>
         <load_address>0x52209</load_address>
         <run_address>0x52209</run_address>
         <size>0x4cf</size>
         <input_file_ref idref="fl-25"/>
      </object_component>
      <object_component id="oc-ae">
         <name>.debug_info</name>
         <load_address>0x526d8</load_address>
         <run_address>0x526d8</run_address>
         <size>0x534</size>
         <input_file_ref idref="fl-26"/>
      </object_component>
      <object_component id="oc-b2">
         <name>.debug_info</name>
         <load_address>0x52c0c</load_address>
         <run_address>0x52c0c</run_address>
         <size>0x4cf</size>
         <input_file_ref idref="fl-27"/>
      </object_component>
      <object_component id="oc-b6">
         <name>.debug_info</name>
         <load_address>0x530db</load_address>
         <run_address>0x530db</run_address>
         <size>0x549</size>
         <input_file_ref idref="fl-28"/>
      </object_component>
      <object_component id="oc-bb">
         <name>.debug_info</name>
         <load_address>0x53624</load_address>
         <run_address>0x53624</run_address>
         <size>0x53e</size>
         <input_file_ref idref="fl-29"/>
      </object_component>
      <object_component id="oc-bf">
         <name>.debug_info</name>
         <load_address>0x53b62</load_address>
         <run_address>0x53b62</run_address>
         <size>0xbd</size>
         <input_file_ref idref="fl-2a"/>
      </object_component>
      <object_component id="oc-c3">
         <name>.debug_info</name>
         <load_address>0x53c1f</load_address>
         <run_address>0x53c1f</run_address>
         <size>0x50c</size>
         <input_file_ref idref="fl-2b"/>
      </object_component>
      <object_component id="oc-c8">
         <name>.debug_info</name>
         <load_address>0x5412b</load_address>
         <run_address>0x5412b</run_address>
         <size>0x55b</size>
         <input_file_ref idref="fl-2c"/>
      </object_component>
      <object_component id="oc-cc">
         <name>.debug_info</name>
         <load_address>0x54686</load_address>
         <run_address>0x54686</run_address>
         <size>0x4b7</size>
         <input_file_ref idref="fl-2d"/>
      </object_component>
      <object_component id="oc-d1">
         <name>.debug_info</name>
         <load_address>0x54b3d</load_address>
         <run_address>0x54b3d</run_address>
         <size>0xaed</size>
         <input_file_ref idref="fl-2e"/>
      </object_component>
      <object_component id="oc-d7">
         <name>.debug_info</name>
         <load_address>0x5562a</load_address>
         <run_address>0x5562a</run_address>
         <size>0x76c</size>
         <input_file_ref idref="fl-2f"/>
      </object_component>
      <object_component id="oc-db">
         <name>.debug_info</name>
         <load_address>0x55d96</load_address>
         <run_address>0x55d96</run_address>
         <size>0x534</size>
         <input_file_ref idref="fl-30"/>
      </object_component>
      <object_component id="oc-df">
         <name>.debug_info</name>
         <load_address>0x562ca</load_address>
         <run_address>0x562ca</run_address>
         <size>0x52e</size>
         <input_file_ref idref="fl-31"/>
      </object_component>
      <object_component id="oc-e4">
         <name>.debug_info</name>
         <load_address>0x567f8</load_address>
         <run_address>0x567f8</run_address>
         <size>0x7fc</size>
         <input_file_ref idref="fl-32"/>
      </object_component>
      <object_component id="oc-e9">
         <name>.debug_info</name>
         <load_address>0x56ff4</load_address>
         <run_address>0x56ff4</run_address>
         <size>0x4de</size>
         <input_file_ref idref="fl-33"/>
      </object_component>
      <object_component id="oc-ed">
         <name>.debug_info</name>
         <load_address>0x574d2</load_address>
         <run_address>0x574d2</run_address>
         <size>0x521</size>
         <input_file_ref idref="fl-34"/>
      </object_component>
      <object_component id="oc-f2">
         <name>.debug_info</name>
         <load_address>0x579f3</load_address>
         <run_address>0x579f3</run_address>
         <size>0xbc</size>
         <input_file_ref idref="fl-35"/>
      </object_component>
      <object_component id="oc-f7">
         <name>.debug_info</name>
         <load_address>0x57aaf</load_address>
         <run_address>0x57aaf</run_address>
         <size>0x5bc</size>
         <input_file_ref idref="fl-36"/>
      </object_component>
      <object_component id="oc-fc">
         <name>.debug_info</name>
         <load_address>0x5806b</load_address>
         <run_address>0x5806b</run_address>
         <size>0x27bd</size>
         <input_file_ref idref="fl-37"/>
      </object_component>
      <object_component id="oc-102">
         <name>.debug_info</name>
         <load_address>0x5a828</load_address>
         <run_address>0x5a828</run_address>
         <size>0x586</size>
         <input_file_ref idref="fl-38"/>
      </object_component>
      <object_component id="oc-106">
         <name>.debug_info</name>
         <load_address>0x5adae</load_address>
         <run_address>0x5adae</run_address>
         <size>0x5a4</size>
         <input_file_ref idref="fl-39"/>
      </object_component>
      <object_component id="oc-10a">
         <name>.debug_info</name>
         <load_address>0x5b352</load_address>
         <run_address>0x5b352</run_address>
         <size>0xcd</size>
         <input_file_ref idref="fl-3a"/>
      </object_component>
      <object_component id="oc-10d">
         <name>.debug_info</name>
         <load_address>0x5b41f</load_address>
         <run_address>0x5b41f</run_address>
         <size>0x498</size>
         <input_file_ref idref="fl-3b"/>
      </object_component>
      <object_component id="oc-110">
         <name>.debug_info</name>
         <load_address>0x5b8b7</load_address>
         <run_address>0x5b8b7</run_address>
         <size>0x57e</size>
         <input_file_ref idref="fl-3c"/>
      </object_component>
      <object_component id="oc-114">
         <name>.debug_info</name>
         <load_address>0x5be35</load_address>
         <run_address>0x5be35</run_address>
         <size>0x47b</size>
         <input_file_ref idref="fl-3d"/>
      </object_component>
      <object_component id="oc-118">
         <name>.debug_info</name>
         <load_address>0x5c2b0</load_address>
         <run_address>0x5c2b0</run_address>
         <size>0x6aa</size>
         <input_file_ref idref="fl-3e"/>
      </object_component>
      <object_component id="oc-11c">
         <name>.debug_info</name>
         <load_address>0x5c95a</load_address>
         <run_address>0x5c95a</run_address>
         <size>0x942</size>
         <input_file_ref idref="fl-3f"/>
      </object_component>
      <object_component id="oc-121">
         <name>.debug_info</name>
         <load_address>0x5d29c</load_address>
         <run_address>0x5d29c</run_address>
         <size>0x4d2</size>
         <input_file_ref idref="fl-40"/>
      </object_component>
      <object_component id="oc-125">
         <name>.debug_info</name>
         <load_address>0x5d76e</load_address>
         <run_address>0x5d76e</run_address>
         <size>0x518</size>
         <input_file_ref idref="fl-41"/>
      </object_component>
      <object_component id="oc-12a">
         <name>.debug_info</name>
         <load_address>0x5dc86</load_address>
         <run_address>0x5dc86</run_address>
         <size>0x680</size>
         <input_file_ref idref="fl-42"/>
      </object_component>
      <object_component id="oc-12e">
         <name>.debug_info</name>
         <load_address>0x5e306</load_address>
         <run_address>0x5e306</run_address>
         <size>0x50e</size>
         <input_file_ref idref="fl-43"/>
      </object_component>
      <object_component id="oc-133">
         <name>.debug_info</name>
         <load_address>0x5e814</load_address>
         <run_address>0x5e814</run_address>
         <size>0x7d4</size>
         <input_file_ref idref="fl-44"/>
      </object_component>
      <object_component id="oc-138">
         <name>.debug_info</name>
         <load_address>0x5efe8</load_address>
         <run_address>0x5efe8</run_address>
         <size>0x144b</size>
         <input_file_ref idref="fl-45"/>
      </object_component>
      <object_component id="oc-13d">
         <name>.debug_info</name>
         <load_address>0x60433</load_address>
         <run_address>0x60433</run_address>
         <size>0x5ad</size>
         <input_file_ref idref="fl-46"/>
      </object_component>
      <object_component id="oc-141">
         <name>.debug_info</name>
         <load_address>0x609e0</load_address>
         <run_address>0x609e0</run_address>
         <size>0x574</size>
         <input_file_ref idref="fl-47"/>
      </object_component>
      <object_component id="oc-145">
         <name>.debug_info</name>
         <load_address>0x60f54</load_address>
         <run_address>0x60f54</run_address>
         <size>0xd1</size>
         <input_file_ref idref="fl-48"/>
      </object_component>
      <object_component id="oc-149">
         <name>.debug_info</name>
         <load_address>0x61025</load_address>
         <run_address>0x61025</run_address>
         <size>0x4f2</size>
         <input_file_ref idref="fl-49"/>
      </object_component>
      <object_component id="oc-14e">
         <name>.debug_info</name>
         <load_address>0x61517</load_address>
         <run_address>0x61517</run_address>
         <size>0xed4</size>
         <input_file_ref idref="fl-4a"/>
      </object_component>
      <object_component id="oc-152">
         <name>.debug_info</name>
         <load_address>0x623eb</load_address>
         <run_address>0x623eb</run_address>
         <size>0x744</size>
         <input_file_ref idref="fl-4b"/>
      </object_component>
      <object_component id="oc-158">
         <name>.debug_info</name>
         <load_address>0x62b2f</load_address>
         <run_address>0x62b2f</run_address>
         <size>0xef</size>
         <input_file_ref idref="fl-4c"/>
      </object_component>
      <object_component id="oc-15c">
         <name>.debug_info</name>
         <load_address>0x62c1e</load_address>
         <run_address>0x62c1e</run_address>
         <size>0x662</size>
         <input_file_ref idref="fl-4d"/>
      </object_component>
      <object_component id="oc-160">
         <name>.debug_info</name>
         <load_address>0x63280</load_address>
         <run_address>0x63280</run_address>
         <size>0x4f2</size>
         <input_file_ref idref="fl-4e"/>
      </object_component>
      <object_component id="oc-164">
         <name>.debug_info</name>
         <load_address>0x63772</load_address>
         <run_address>0x63772</run_address>
         <size>0x706</size>
         <input_file_ref idref="fl-4f"/>
      </object_component>
      <object_component id="oc-168">
         <name>.debug_info</name>
         <load_address>0x63e78</load_address>
         <run_address>0x63e78</run_address>
         <size>0x5f7</size>
         <input_file_ref idref="fl-50"/>
      </object_component>
      <object_component id="oc-16c">
         <name>.debug_info</name>
         <load_address>0x6446f</load_address>
         <run_address>0x6446f</run_address>
         <size>0x64a</size>
         <input_file_ref idref="fl-51"/>
      </object_component>
      <object_component id="oc-171">
         <name>.debug_info</name>
         <load_address>0x64ab9</load_address>
         <run_address>0x64ab9</run_address>
         <size>0xa1c</size>
         <input_file_ref idref="fl-52"/>
      </object_component>
      <object_component id="oc-177">
         <name>.debug_info</name>
         <load_address>0x654d5</load_address>
         <run_address>0x654d5</run_address>
         <size>0xb97</size>
         <input_file_ref idref="fl-53"/>
      </object_component>
      <object_component id="oc-17d">
         <name>.debug_info</name>
         <load_address>0x6606c</load_address>
         <run_address>0x6606c</run_address>
         <size>0x64f</size>
         <input_file_ref idref="fl-54"/>
      </object_component>
      <object_component id="oc-181">
         <name>.debug_info</name>
         <load_address>0x666bb</load_address>
         <run_address>0x666bb</run_address>
         <size>0x510</size>
         <input_file_ref idref="fl-55"/>
      </object_component>
      <object_component id="oc-1a7">
         <name>.debug_info</name>
         <load_address>0x66bcb</load_address>
         <run_address>0x66bcb</run_address>
         <size>0x6e</size>
      </object_component>
      <object_component id="oc-15">
         <name>.debug_frame</name>
         <load_address>0x0</load_address>
         <run_address>0x0</run_address>
         <size>0x171</size>
         <input_file_ref idref="fl-2"/>
      </object_component>
      <object_component id="oc-1b">
         <name>.debug_frame</name>
         <load_address>0x171</load_address>
         <run_address>0x171</run_address>
         <size>0x121</size>
         <input_file_ref idref="fl-3"/>
      </object_component>
      <object_component id="oc-22">
         <name>.debug_frame</name>
         <load_address>0x292</load_address>
         <run_address>0x292</run_address>
         <size>0x16a</size>
         <input_file_ref idref="fl-4"/>
      </object_component>
      <object_component id="oc-27">
         <name>.debug_frame</name>
         <load_address>0x3fc</load_address>
         <run_address>0x3fc</run_address>
         <size>0x102</size>
         <input_file_ref idref="fl-5"/>
      </object_component>
      <object_component id="oc-30">
         <name>.debug_frame</name>
         <load_address>0x4fe</load_address>
         <run_address>0x4fe</run_address>
         <size>0xfc</size>
         <input_file_ref idref="fl-6"/>
      </object_component>
      <object_component id="oc-36">
         <name>.debug_frame</name>
         <load_address>0x5fa</load_address>
         <run_address>0x5fa</run_address>
         <size>0x13c</size>
         <input_file_ref idref="fl-7"/>
      </object_component>
      <object_component id="oc-3c">
         <name>.debug_frame</name>
         <load_address>0x736</load_address>
         <run_address>0x736</run_address>
         <size>0x194</size>
         <input_file_ref idref="fl-8"/>
      </object_component>
      <object_component id="oc-43">
         <name>.debug_frame</name>
         <load_address>0x8ca</load_address>
         <run_address>0x8ca</run_address>
         <size>0x102</size>
         <input_file_ref idref="fl-11"/>
      </object_component>
      <object_component id="oc-48">
         <name>.debug_frame</name>
         <load_address>0x9cc</load_address>
         <run_address>0x9cc</run_address>
         <size>0x13a</size>
         <input_file_ref idref="fl-12"/>
      </object_component>
      <object_component id="oc-4e">
         <name>.debug_frame</name>
         <load_address>0xb06</load_address>
         <run_address>0xb06</run_address>
         <size>0x171</size>
         <input_file_ref idref="fl-13"/>
      </object_component>
      <object_component id="oc-53">
         <name>.debug_frame</name>
         <load_address>0xc77</load_address>
         <run_address>0xc77</run_address>
         <size>0x138</size>
         <input_file_ref idref="fl-14"/>
      </object_component>
      <object_component id="oc-59">
         <name>.debug_frame</name>
         <load_address>0xdaf</load_address>
         <run_address>0xdaf</run_address>
         <size>0x138</size>
         <input_file_ref idref="fl-15"/>
      </object_component>
      <object_component id="oc-5e">
         <name>.debug_frame</name>
         <load_address>0xee7</load_address>
         <run_address>0xee7</run_address>
         <size>0x116</size>
         <input_file_ref idref="fl-16"/>
      </object_component>
      <object_component id="oc-68">
         <name>.debug_frame</name>
         <load_address>0xffd</load_address>
         <run_address>0xffd</run_address>
         <size>0x272</size>
         <input_file_ref idref="fl-18"/>
      </object_component>
      <object_component id="oc-72">
         <name>.debug_frame</name>
         <load_address>0x126f</load_address>
         <run_address>0x126f</run_address>
         <size>0x2a1</size>
         <input_file_ref idref="fl-1a"/>
      </object_component>
      <object_component id="oc-79">
         <name>.debug_frame</name>
         <load_address>0x1510</load_address>
         <run_address>0x1510</run_address>
         <size>0x197</size>
         <input_file_ref idref="fl-1b"/>
      </object_component>
      <object_component id="oc-7f">
         <name>.debug_frame</name>
         <load_address>0x16a7</load_address>
         <run_address>0x16a7</run_address>
         <size>0x1ef</size>
         <input_file_ref idref="fl-1c"/>
      </object_component>
      <object_component id="oc-84">
         <name>.debug_frame</name>
         <load_address>0x1896</load_address>
         <run_address>0x1896</run_address>
         <size>0x224</size>
         <input_file_ref idref="fl-1d"/>
      </object_component>
      <object_component id="oc-16">
         <name>.debug_line</name>
         <load_address>0x0</load_address>
         <run_address>0x0</run_address>
         <size>0xd0</size>
         <input_file_ref idref="fl-2"/>
      </object_component>
      <object_component id="oc-1c">
         <name>.debug_line</name>
         <load_address>0xd0</load_address>
         <run_address>0xd0</run_address>
         <size>0x253</size>
         <input_file_ref idref="fl-3"/>
      </object_component>
      <object_component id="oc-23">
         <name>.debug_line</name>
         <load_address>0x323</load_address>
         <run_address>0x323</run_address>
         <size>0x198</size>
         <input_file_ref idref="fl-4"/>
      </object_component>
      <object_component id="oc-28">
         <name>.debug_line</name>
         <load_address>0x4bb</load_address>
         <run_address>0x4bb</run_address>
         <size>0x6e</size>
         <input_file_ref idref="fl-5"/>
      </object_component>
      <object_component id="oc-31">
         <name>.debug_line</name>
         <load_address>0x529</load_address>
         <run_address>0x529</run_address>
         <size>0x1c4</size>
         <input_file_ref idref="fl-6"/>
      </object_component>
      <object_component id="oc-37">
         <name>.debug_line</name>
         <load_address>0x6ed</load_address>
         <run_address>0x6ed</run_address>
         <size>0x1e6</size>
         <input_file_ref idref="fl-7"/>
      </object_component>
      <object_component id="oc-3d">
         <name>.debug_line</name>
         <load_address>0x8d3</load_address>
         <run_address>0x8d3</run_address>
         <size>0x202</size>
         <input_file_ref idref="fl-8"/>
      </object_component>
      <object_component id="oc-44">
         <name>.debug_line</name>
         <load_address>0xad5</load_address>
         <run_address>0xad5</run_address>
         <size>0x66e</size>
         <input_file_ref idref="fl-11"/>
      </object_component>
      <object_component id="oc-49">
         <name>.debug_line</name>
         <load_address>0x1143</load_address>
         <run_address>0x1143</run_address>
         <size>0x6ca</size>
         <input_file_ref idref="fl-12"/>
      </object_component>
      <object_component id="oc-4f">
         <name>.debug_line</name>
         <load_address>0x180d</load_address>
         <run_address>0x180d</run_address>
         <size>0x69c</size>
         <input_file_ref idref="fl-13"/>
      </object_component>
      <object_component id="oc-54">
         <name>.debug_line</name>
         <load_address>0x1ea9</load_address>
         <run_address>0x1ea9</run_address>
         <size>0x659</size>
         <input_file_ref idref="fl-14"/>
      </object_component>
      <object_component id="oc-5a">
         <name>.debug_line</name>
         <load_address>0x2502</load_address>
         <run_address>0x2502</run_address>
         <size>0x653</size>
         <input_file_ref idref="fl-15"/>
      </object_component>
      <object_component id="oc-5f">
         <name>.debug_line</name>
         <load_address>0x2b55</load_address>
         <run_address>0x2b55</run_address>
         <size>0x59c</size>
         <input_file_ref idref="fl-16"/>
      </object_component>
      <object_component id="oc-64">
         <name>.debug_line</name>
         <load_address>0x30f1</load_address>
         <run_address>0x30f1</run_address>
         <size>0xa8</size>
         <input_file_ref idref="fl-17"/>
      </object_component>
      <object_component id="oc-69">
         <name>.debug_line</name>
         <load_address>0x3199</load_address>
         <run_address>0x3199</run_address>
         <size>0x94b</size>
         <input_file_ref idref="fl-18"/>
      </object_component>
      <object_component id="oc-6d">
         <name>.debug_line</name>
         <load_address>0x3ae4</load_address>
         <run_address>0x3ae4</run_address>
         <size>0xab</size>
         <input_file_ref idref="fl-19"/>
      </object_component>
      <object_component id="oc-73">
         <name>.debug_line</name>
         <load_address>0x3b8f</load_address>
         <run_address>0x3b8f</run_address>
         <size>0x83c</size>
         <input_file_ref idref="fl-1a"/>
      </object_component>
      <object_component id="oc-7a">
         <name>.debug_line</name>
         <load_address>0x43cb</load_address>
         <run_address>0x43cb</run_address>
         <size>0x94c</size>
         <input_file_ref idref="fl-1b"/>
      </object_component>
      <object_component id="oc-80">
         <name>.debug_line</name>
         <load_address>0x4d17</load_address>
         <run_address>0x4d17</run_address>
         <size>0x96d</size>
         <input_file_ref idref="fl-1c"/>
      </object_component>
      <object_component id="oc-85">
         <name>.debug_line</name>
         <load_address>0x5684</load_address>
         <run_address>0x5684</run_address>
         <size>0x7c8</size>
         <input_file_ref idref="fl-1d"/>
      </object_component>
      <object_component id="oc-89">
         <name>.debug_line</name>
         <load_address>0x5e4c</load_address>
         <run_address>0x5e4c</run_address>
         <size>0x5c</size>
         <input_file_ref idref="fl-1e"/>
      </object_component>
      <object_component id="oc-8d">
         <name>.debug_line</name>
         <load_address>0x5ea8</load_address>
         <run_address>0x5ea8</run_address>
         <size>0x54</size>
         <input_file_ref idref="fl-1f"/>
      </object_component>
      <object_component id="oc-91">
         <name>.debug_line</name>
         <load_address>0x5efc</load_address>
         <run_address>0x5efc</run_address>
         <size>0xad</size>
         <input_file_ref idref="fl-20"/>
      </object_component>
      <object_component id="oc-98">
         <name>.debug_line</name>
         <load_address>0x5fa9</load_address>
         <run_address>0x5fa9</run_address>
[...]
      </symbol>
      <symbol id="sm-4c8">
         <name>_GPIO_read</name>
         <value>0x24125</value>
         <object_component_ref idref="oc-82"/>
      </symbol>
      <symbol id="sm-4c9">
         <name>_GPIO_close</name>
         <value>0x23ff4</value>
         <object_component_ref idref="oc-82"/>
      </symbol>
      <symbol id="sm-4ca">
         <name>_GPIO_enableInt</name>
         <value>0x24411</value>
         <object_component_ref idref="oc-82"/>
      </symbol>
      <symbol id="sm-4cb">
         <name>_GPIO_clearInt</name>
         <value>0x2449b</value>
         <object_component_ref idref="oc-82"/>
      </symbol>
      <symbol id="sm-4cc">
         <name>_GPIO_statusBit</name>
         <value>0x24527</value>
         <object_component_ref idref="oc-82"/>
      </symbol>
      <symbol id="sm-4cd">
         <name>_GPIO_configBit</name>
         <value>0x2424b</value>
         <object_component_ref idref="oc-82"/>
      </symbol>
      <symbol id="sm-4ce">
         <name>_GPIO_reset</name>
         <value>0x245ae</value>
         <object_component_ref idref="oc-82"/>
      </symbol>
      <symbol id="sm-4cf">
         <name>_GPIO_getConfig</name>
         <value>0x2409d</value>
         <object_component_ref idref="oc-82"/>
      </symbol>
      <symbol id="sm-4d0">
         <name>_GPIO_disableInt</name>
         <value>0x24393</value>
         <object_component_ref idref="oc-82"/>
      </symbol>
      <symbol id="sm-4d1">
         <name>_GPIO_config</name>
         <value>0x24018</value>
         <object_component_ref idref="oc-82"/>
      </symbol>
      <symbol id="sm-4d2">
         <name>_GPIO_open</name>
         <value>0x23fb0</value>
         <object_component_ref idref="oc-82"/>
      </symbol>
      <symbol id="sm-4dc">
         <name>__addd</name>
         <value>0x27977</value>
         <object_component_ref idref="oc-87"/>
      </symbol>
      <symbol id="sm-4e8">
         <name>__sysstack</name>
         <value>0x20c0</value>
         <object_component_ref idref="oc-184"/>
      </symbol>
      <symbol id="sm-4e9">
         <name>_c_int00</name>
         <value>0x29ab4</value>
         <object_component_ref idref="oc-10"/>
      </symbol>
      <symbol id="sm-4ea">
         <name>__stack</name>
         <value>0xc0</value>
         <object_component_ref idref="oc-8b"/>
      </symbol>
      <symbol id="sm-4f4">
         <name>__eqld</name>
         <value>0x27f47</value>
         <object_component_ref idref="oc-8f"/>
      </symbol>
      <symbol id="sm-4f5">
         <name>__cmpd</name>
         <value>0x27f7b</value>
         <object_component_ref idref="oc-8f"/>
      </symbol>
      <symbol id="sm-4f6">
         <name>__neqd</name>
         <value>0x27de9</value>
         <object_component_ref idref="oc-8f"/>
      </symbol>
      <symbol id="sm-4f7">
         <name>__gtrd</name>
         <value>0x27eb2</value>
         <object_component_ref idref="oc-8f"/>
      </symbol>
      <symbol id="sm-4f8">
         <name>__geqd</name>
         <value>0x27efd</value>
         <object_component_ref idref="oc-8f"/>
      </symbol>
      <symbol id="sm-4f9">
         <name>__leqd</name>
         <value>0x27e65</value>
         <object_component_ref idref="oc-8f"/>
      </symbol>
      <symbol id="sm-4fa">
         <name>__lssd</name>
         <value>0x27e1d</value>
         <object_component_ref idref="oc-8f"/>
      </symbol>
      <symbol id="sm-50b">
         <name>_cos</name>
         <value>0x27bd1</value>
         <object_component_ref idref="oc-93"/>
      </symbol>
      <symbol id="sm-517">
         <name>__divd</name>
         <value>0x26ad2</value>
         <object_component_ref idref="oc-9a"/>
      </symbol>
      <symbol id="sm-522">
         <name>__divul</name>
         <value>0x290bc</value>
         <object_component_ref idref="oc-9e"/>
      </symbol>
      <symbol id="sm-532">
         <name>C$$EXIT</name>
         <value>0x29bd9</value>
         <object_component_ref idref="oc-a6"/>
      </symbol>
      <symbol id="sm-533">
         <name>_exit</name>
         <value>0x29a76</value>
         <object_component_ref idref="oc-a2"/>
      </symbol>
      <symbol id="sm-534">
         <name>_abort</name>
         <value>0x29bd8</value>
         <object_component_ref idref="oc-a6"/>
      </symbol>
      <symbol id="sm-535">
         <name>__cleanup_ptr</name>
         <value>0x69c8</value>
         <object_component_ref idref="oc-a3"/>
      </symbol>
      <symbol id="sm-536">
         <name>__dtors_ptr</name>
         <value>0x69cc</value>
         <object_component_ref idref="oc-a3"/>
      </symbol>
      <symbol id="sm-540">
         <name>__fixdi</name>
         <value>0x29ae8</value>
         <object_component_ref idref="oc-a9"/>
      </symbol>
      <symbol id="sm-54a">
         <name>__fixdli</name>
         <value>0x29551</value>
         <object_component_ref idref="oc-ad"/>
      </symbol>
      <symbol id="sm-554">
         <name>__fltid</name>
         <value>0x29bc2</value>
         <object_component_ref idref="oc-b1"/>
      </symbol>
      <symbol id="sm-560">
         <name>__fltlid</name>
         <value>0x29705</value>
         <object_component_ref idref="oc-b5"/>
      </symbol>
      <symbol id="sm-56a">
         <name>__frcmpyd_div</name>
         <value>0x2946c</value>
         <object_component_ref idref="oc-ba"/>
      </symbol>
      <symbol id="sm-572">
         <name>__mpyli</name>
         <value>0x29b8d</value>
         <object_component_ref idref="oc-be"/>
      </symbol>
      <symbol id="sm-573">
         <name>I$$LMPY</name>
         <value>0x29b8d</value>
         <object_component_ref idref="oc-be"/>
      </symbol>
      <symbol id="sm-57f">
         <name>_modf</name>
         <value>0x28e9d</value>
         <object_component_ref idref="oc-c2"/>
      </symbol>
      <symbol id="sm-589">
         <name>__mpyd</name>
         <value>0x28442</value>
         <object_component_ref idref="oc-c7"/>
      </symbol>
      <symbol id="sm-593">
         <name>__negd</name>
         <value>0x29bb2</value>
         <object_component_ref idref="oc-cb"/>
      </symbol>
      <symbol id="sm-5a4">
         <name>_pow</name>
         <value>0x24bf2</value>
         <object_component_ref idref="oc-cf"/>
      </symbol>
      <symbol id="sm-5ae">
         <name>_printf</name>
         <value>0x2987b</value>
         <object_component_ref idref="oc-d6"/>
      </symbol>
      <symbol id="sm-5b9">
         <name>__remul</name>
         <value>0x294df</value>
         <object_component_ref idref="oc-da"/>
      </symbol>
      <symbol id="sm-5c5">
         <name>__nround</name>
         <value>0x2976c</value>
         <object_component_ref idref="oc-de"/>
      </symbol>
      <symbol id="sm-5d2">
         <name>_sqrt</name>
         <value>0x286ae</value>
         <object_component_ref idref="oc-e3"/>
      </symbol>
      <symbol id="sm-5dc">
         <name>__subd</name>
         <value>0x29b79</value>
         <object_component_ref idref="oc-e8"/>
      </symbol>
      <symbol id="sm-5e8">
         <name>__trunc</name>
         <value>0x299f6</value>
         <object_component_ref idref="oc-ec"/>
      </symbol>
      <symbol id="sm-5f2">
         <name>_Reset</name>
         <value>0x4ff00</value>
         <object_component_ref idref="oc-11"/>
      </symbol>
      <symbol id="sm-600">
         <name>__unlock</name>
         <value>0x69c4</value>
         <object_component_ref idref="oc-f6"/>
      </symbol>
      <symbol id="sm-601">
         <name>__lock</name>
         <value>0x69c0</value>
         <object_component_ref idref="oc-f6"/>
      </symbol>
      <symbol id="sm-602">
         <name>__register_lock</name>
         <value>0x29ba8</value>
         <object_component_ref idref="oc-f5"/>
      </symbol>
      <symbol id="sm-603">
         <name>__nop</name>
         <value>0x29bb0</value>
         <object_component_ref idref="oc-f5"/>
      </symbol>
      <symbol id="sm-604">
         <name>__register_unlock</name>
         <value>0x29ba0</value>
         <object_component_ref idref="oc-f5"/>
      </symbol>
      <symbol id="sm-616">
         <name>__printfi</name>
         <value>0x21362</value>
         <object_component_ref idref="oc-fb"/>
      </symbol>
      <symbol id="sm-620">
         <name>__args_main</name>
         <value>0x29918</value>
         <object_component_ref idref="oc-101"/>
      </symbol>
      <symbol id="sm-621">
         <name>__TI_args_main</name>
         <value>0x1</value>
      </symbol>
      <symbol id="sm-62b">
         <name>_atoi</name>
         <value>0x297cb</value>
         <object_component_ref idref="oc-105"/>
      </symbol>
      <symbol id="sm-633">
         <name>_auto_init</name>
         <value>0x298cb</value>
         <object_component_ref idref="oc-109"/>
      </symbol>
      <symbol id="sm-63b">
         <name>__ctypes_</name>
         <value>0x6cbc</value>
         <object_component_ref idref="oc-188"/>
      </symbol>
      <symbol id="sm-645">
         <name>__tmpnams</name>
         <value>0x63d0</value>
         <object_component_ref idref="oc-10f"/>
      </symbol>
      <symbol id="sm-646">
         <name>__ft_end</name>
         <value>0x6510</value>
         <object_component_ref idref="oc-10f"/>
      </symbol>
      <symbol id="sm-647">
         <name>__ftable</name>
         <value>0x62e0</value>
         <object_component_ref idref="oc-10f"/>
      </symbol>
      <symbol id="sm-651">
         <name>_errno</name>
         <value>0x66b2</value>
         <object_component_ref idref="oc-113"/>
      </symbol>
      <symbol id="sm-65b">
         <name>_putchar</name>
         <value>0x290ad</value>
         <object_component_ref idref="oc-117"/>
      </symbol>
      <symbol id="sm-65c">
         <name>_putc</name>
         <value>0x29016</value>
         <object_component_ref idref="oc-117"/>
      </symbol>
      <symbol id="sm-65d">
         <name>_fputc</name>
         <value>0x29016</value>
         <object_component_ref idref="oc-117"/>
      </symbol>
      <symbol id="sm-66b">
         <name>_puts</name>
         <value>0x28414</value>
         <object_component_ref idref="oc-11b"/>
      </symbol>
      <symbol id="sm-66c">
         <name>_fputs</name>
         <value>0x282df</value>
         <object_component_ref idref="oc-11b"/>
      </symbol>
      <symbol id="sm-676">
         <name>__frcmpyd</name>
         <value>0x293f6</value>
         <object_component_ref idref="oc-120"/>
      </symbol>
      <symbol id="sm-682">
         <name>_frexp</name>
         <value>0x28c4c</value>
         <object_component_ref idref="oc-124"/>
      </symbol>
      <symbol id="sm-68c">
         <name>___isinf</name>
         <value>0x29b5f</value>
         <object_component_ref idref="oc-129"/>
      </symbol>
      <symbol id="sm-698">
         <name>_ldexp</name>
         <value>0x288cb</value>
         <object_component_ref idref="oc-12d"/>
      </symbol>
      <symbol id="sm-6a2">
         <name>__divull</name>
         <value>0x2784e</value>
         <object_component_ref idref="oc-132"/>
      </symbol>
      <symbol id="sm-6a3">
         <name>__mpylli</name>
         <value>0x27796</value>
         <object_component_ref idref="oc-132"/>
      </symbol>
      <symbol id="sm-6a4">
         <name>__remlli</name>
         <value>0x27767</value>
         <object_component_ref idref="oc-132"/>
      </symbol>
      <symbol id="sm-6a5">
         <name>__divlli</name>
         <value>0x27942</value>
         <object_component_ref idref="oc-132"/>
      </symbol>
      <symbol id="sm-6a6">
         <name>__remull</name>
         <value>0x27719</value>
         <object_component_ref idref="oc-132"/>
      </symbol>
      <symbol id="sm-6b8">
         <name>_add_device</name>
         <value>0x25b3f</value>
         <object_component_ref idref="oc-136"/>
      </symbol>
      <symbol id="sm-6b9">
         <name>_rename</name>
         <value>0x25861</value>
         <object_component_ref idref="oc-136"/>
      </symbol>
      <symbol id="sm-6ba">
         <name>_read</name>
         <value>0x258f0</value>
         <object_component_ref idref="oc-136"/>
      </symbol>
      <symbol id="sm-6bb">
         <name>_unlink</name>
         <value>0x2582e</value>
         <object_component_ref idref="oc-136"/>
      </symbol>
      <symbol id="sm-6bc">
         <name>_remove_device</name>
         <value>0x258ba</value>
         <object_component_ref idref="oc-136"/>
      </symbol>
      <symbol id="sm-6bd">
         <name>_open</name>
         <value>0x2599e</value>
         <object_component_ref idref="oc-136"/>
      </symbol>
      <symbol id="sm-6be">
         <name>_find_registered_device</name>
         <value>0x25ac3</value>
         <object_component_ref idref="oc-136"/>
      </symbol>
      <symbol id="sm-6bf">
         <name>_lseek</name>
         <value>0x25a5d</value>
         <object_component_ref idref="oc-136"/>
      </symbol>
      <symbol id="sm-6c0">
         <name>_close</name>
         <value>0x25acc</value>
         <object_component_ref idref="oc-136"/>
      </symbol>
      <symbol id="sm-6c1">
         <name>_write</name>
         <value>0x256ec</value>
         <object_component_ref idref="oc-136"/>
      </symbol>
      <symbol id="sm-6cb">
         <name>_ltoa</name>
         <value>0x292fe</value>
         <object_component_ref idref="oc-13c"/>
      </symbol>
      <symbol id="sm-6d6">
         <name>_memccpy</name>
         <value>0x29b3c</value>
         <object_component_ref idref="oc-140"/>
      </symbol>
      <symbol id="sm-6de">
         <name>_memcpy</name>
         <value>0x29a37</value>
         <object_component_ref idref="oc-144"/>
      </symbol>
      <symbol id="sm-6e8">
         <name>__remli</name>
         <value>0x29963</value>
         <object_component_ref idref="oc-148"/>
      </symbol>
      <symbol id="sm-6f4">
         <name>_HOSTopen</name>
         <value>0x25f3a</value>
         <object_component_ref idref="oc-14c"/>
      </symbol>
      <symbol id="sm-6f5">
         <name>_HOSTread</name>
         <value>0x25ead</value>
         <object_component_ref idref="oc-14c"/>
      </symbol>
      <symbol id="sm-6f6">
         <name>_HOSTtime</name>
         <value>0x25da1</value>
         <object_component_ref idref="oc-14c"/>
      </symbol>
      <symbol id="sm-6f7">
         <name>_getenv</name>
         <value>0x25c2f</value>
         <object_component_ref idref="oc-14c"/>
      </symbol>
      <symbol id="sm-6f8">
         <name>_HOSTrename</name>
         <value>0x25dff</value>
         <object_component_ref idref="oc-14c"/>
      </symbol>
      <symbol id="sm-6f9">
         <name>_HOSTclock</name>
         <value>0x260f9</value>
         <object_component_ref idref="oc-14c"/>
      </symbol>
      <symbol id="sm-6fa">
         <name>_HOSTwrite</name>
         <value>0x25caa</value>
         <object_component_ref idref="oc-14c"/>
      </symbol>
      <symbol id="sm-6fb">
         <name>_HOSTlseek</name>
         <value>0x25fd9</value>
         <object_component_ref idref="oc-14c"/>
      </symbol>
      <symbol id="sm-6fc">
         <name>_HOSTunlink</name>
         <value>0x25d37</value>
         <object_component_ref idref="oc-14c"/>
      </symbol>
      <symbol id="sm-6fd">
         <name>_HOSTclose</name>
         <value>0x2608e</value>
         <object_component_ref idref="oc-14c"/>
      </symbol>
      <symbol id="sm-70f">
         <name>C$$IO$$</name>
         <value>0x29011</value>
         <object_component_ref idref="oc-154"/>
      </symbol>
      <symbol id="sm-710">
         <name>__CIOBUF_</name>
         <value>0x40000</value>
         <object_component_ref idref="oc-153"/>
      </symbol>
      <symbol id="sm-711">
         <name>_readmsg</name>
         <value>0x2962d</value>
         <object_component_ref idref="oc-151"/>
      </symbol>
      <symbol id="sm-712">
         <name>_writemsg</name>
         <value>0x28f5c</value>
         <object_component_ref idref="oc-154"/>
      </symbol>
      <symbol id="sm-71a">
         <name>__remu</name>
         <value>0x29b27</value>
         <object_component_ref idref="oc-157"/>
      </symbol>
      <symbol id="sm-71b">
         <name>__divu</name>
         <value>0x29b12</value>
         <object_component_ref idref="oc-157"/>
      </symbol>
      <symbol id="sm-71c">
         <name>I$$UMOD</name>
         <value>0x29b27</value>
         <object_component_ref idref="oc-157"/>
      </symbol>
      <symbol id="sm-71d">
         <name>I$$UDIV</name>
         <value>0x29b12</value>
         <object_component_ref idref="oc-157"/>
      </symbol>
      <symbol id="sm-727">
         <name>__rd_ok</name>
         <value>0x28b23</value>
         <object_component_ref idref="oc-15b"/>
      </symbol>
      <symbol id="sm-728">
         <name>__wrt_ok</name>
         <value>0x28aa3</value>
         <object_component_ref idref="oc-15b"/>
      </symbol>
      <symbol id="sm-732">
         <name>__divli</name>
         <value>0x299ae</value>
         <object_component_ref idref="oc-15f"/>
      </symbol>
      <symbol id="sm-73c">
         <name>__doflush</name>
         <value>0x28ddb</value>
         <object_component_ref idref="oc-163"/>
      </symbol>
      <symbol id="sm-73d">
         <name>_fflush</name>
         <value>0x28e44</value>
         <object_component_ref idref="oc-163"/>
      </symbol>
      <symbol id="sm-747">
         <name>_fseek</name>
         <value>0x2969a</value>
         <object_component_ref idref="oc-167"/>
      </symbol>
      <symbol id="sm-751">
         <name>_setvbuf</name>
         <value>0x289bd</value>
         <object_component_ref idref="oc-16b"/>
      </symbol>
      <symbol id="sm-760">
         <name>__cleanup</name>
         <value>0x275bb</value>
         <object_component_ref idref="oc-16f"/>
      </symbol>
      <symbol id="sm-761">
         <name>_fopen</name>
         <value>0x276de</value>
         <object_component_ref idref="oc-16f"/>
      </symbol>
      <symbol id="sm-762">
         <name>_freopen</name>
         <value>0x27615</value>
         <object_component_ref idref="oc-16f"/>
      </symbol>
      <symbol id="sm-772">
         <name>__sys_memory</name>
         <value>0x30c0</value>
         <object_component_ref idref="oc-179"/>
      </symbol>
      <symbol id="sm-773">
         <name>_chkheap</name>
         <value>0x26aa4</value>
         <object_component_ref idref="oc-175"/>
      </symbol>
      <symbol id="sm-774">
         <name>_realloc</name>
         <value>0x26843</value>
         <object_component_ref idref="oc-175"/>
      </symbol>
      <symbol id="sm-775">
         <name>_free_memory</name>
         <value>0x26a4e</value>
         <object_component_ref idref="oc-175"/>
      </symbol>
      <symbol id="sm-776">
         <name>_max_free</name>
         <value>0x269f4</value>
         <object_component_ref idref="oc-175"/>
      </symbol>
      <symbol id="sm-777">
         <name>_free</name>
         <value>0x2661d</value>
         <object_component_ref idref="oc-175"/>
      </symbol>
      <symbol id="sm-778">
         <name>_calloc</name>
         <value>0x26aac</value>
         <object_component_ref idref="oc-175"/>
      </symbol>
      <symbol id="sm-779">
         <name>_malloc</name>
         <value>0x2674e</value>
         <object_component_ref idref="oc-175"/>
      </symbol>
      <symbol id="sm-77a">
         <name>_minit</name>
         <value>0x266e9</value>
         <object_component_ref idref="oc-175"/>
      </symbol>
      <symbol id="sm-784">
         <name>_fclose</name>
         <value>0x2937b</value>
         <object_component_ref idref="oc-17c"/>
      </symbol>
      <symbol id="sm-78e">
         <name>_remove</name>
         <value>0x29bce</value>
         <object_component_ref idref="oc-180"/>
      </symbol>
   </symbol_table>
</link_info>
